Archive member included to satisfy reference by file (symbol)

d:/set stm32/stm32cubeide_1.7.0/stm32cubeide/plugins/com.st.stm32cube.ide.mcu.externaltools.gnu-tools-for-stm32.9-2020-q2-update.win32_2.0.0.202105311346/tools/bin/../lib/gcc/arm-none-eabi/9.3.1/../../../../arm-none-eabi/lib/thumb/v7-m/nofp\libc_nano.a(lib_a-errno.o)
                              ./Core/Src/syscalls.o (__errno)
d:/set stm32/stm32cubeide_1.7.0/stm32cubeide/plugins/com.st.stm32cube.ide.mcu.externaltools.gnu-tools-for-stm32.9-2020-q2-update.win32_2.0.0.202105311346/tools/bin/../lib/gcc/arm-none-eabi/9.3.1/../../../../arm-none-eabi/lib/thumb/v7-m/nofp\libc_nano.a(lib_a-exit.o)
                              d:/set stm32/stm32cubeide_1.7.0/stm32cubeide/plugins/com.st.stm32cube.ide.mcu.externaltools.gnu-tools-for-stm32.9-2020-q2-update.win32_2.0.0.202105311346/tools/bin/../lib/gcc/arm-none-eabi/9.3.1/../../../../arm-none-eabi/lib/thumb/v7-m/nofp/crt0.o (exit)
d:/set stm32/stm32cubeide_1.7.0/stm32cubeide/plugins/com.st.stm32cube.ide.mcu.externaltools.gnu-tools-for-stm32.9-2020-q2-update.win32_2.0.0.202105311346/tools/bin/../lib/gcc/arm-none-eabi/9.3.1/../../../../arm-none-eabi/lib/thumb/v7-m/nofp\libc_nano.a(lib_a-impure.o)
                              d:/set stm32/stm32cubeide_1.7.0/stm32cubeide/plugins/com.st.stm32cube.ide.mcu.externaltools.gnu-tools-for-stm32.9-2020-q2-update.win32_2.0.0.202105311346/tools/bin/../lib/gcc/arm-none-eabi/9.3.1/../../../../arm-none-eabi/lib/thumb/v7-m/nofp\libc_nano.a(lib_a-exit.o) (_global_impure_ptr)
d:/set stm32/stm32cubeide_1.7.0/stm32cubeide/plugins/com.st.stm32cube.ide.mcu.externaltools.gnu-tools-for-stm32.9-2020-q2-update.win32_2.0.0.202105311346/tools/bin/../lib/gcc/arm-none-eabi/9.3.1/../../../../arm-none-eabi/lib/thumb/v7-m/nofp\libc_nano.a(lib_a-init.o)
                              d:/set stm32/stm32cubeide_1.7.0/stm32cubeide/plugins/com.st.stm32cube.ide.mcu.externaltools.gnu-tools-for-stm32.9-2020-q2-update.win32_2.0.0.202105311346/tools/bin/../lib/gcc/arm-none-eabi/9.3.1/../../../../arm-none-eabi/lib/thumb/v7-m/nofp/crt0.o (__libc_init_array)
d:/set stm32/stm32cubeide_1.7.0/stm32cubeide/plugins/com.st.stm32cube.ide.mcu.externaltools.gnu-tools-for-stm32.9-2020-q2-update.win32_2.0.0.202105311346/tools/bin/../lib/gcc/arm-none-eabi/9.3.1/../../../../arm-none-eabi/lib/thumb/v7-m/nofp\libc_nano.a(lib_a-memset.o)
                              d:/set stm32/stm32cubeide_1.7.0/stm32cubeide/plugins/com.st.stm32cube.ide.mcu.externaltools.gnu-tools-for-stm32.9-2020-q2-update.win32_2.0.0.202105311346/tools/bin/../lib/gcc/arm-none-eabi/9.3.1/../../../../arm-none-eabi/lib/thumb/v7-m/nofp/crt0.o (memset)
d:/set stm32/stm32cubeide_1.7.0/stm32cubeide/plugins/com.st.stm32cube.ide.mcu.externaltools.gnu-tools-for-stm32.9-2020-q2-update.win32_2.0.0.202105311346/tools/bin/../lib/gcc/arm-none-eabi/9.3.1/../../../../arm-none-eabi/lib/thumb/v7-m/nofp\libc_nano.a(lib_a-sprintf.o)
                              ./Core/Src/uart.o (sprintf)
d:/set stm32/stm32cubeide_1.7.0/stm32cubeide/plugins/com.st.stm32cube.ide.mcu.externaltools.gnu-tools-for-stm32.9-2020-q2-update.win32_2.0.0.202105311346/tools/bin/../lib/gcc/arm-none-eabi/9.3.1/../../../../arm-none-eabi/lib/thumb/v7-m/nofp\libc_nano.a(lib_a-strlen.o)
                              ./Core/Src/uart.o (strlen)
d:/set stm32/stm32cubeide_1.7.0/stm32cubeide/plugins/com.st.stm32cube.ide.mcu.externaltools.gnu-tools-for-stm32.9-2020-q2-update.win32_2.0.0.202105311346/tools/bin/../lib/gcc/arm-none-eabi/9.3.1/../../../../arm-none-eabi/lib/thumb/v7-m/nofp\libc_nano.a(lib_a-nano-svfprintf.o)
                              d:/set stm32/stm32cubeide_1.7.0/stm32cubeide/plugins/com.st.stm32cube.ide.mcu.externaltools.gnu-tools-for-stm32.9-2020-q2-update.win32_2.0.0.202105311346/tools/bin/../lib/gcc/arm-none-eabi/9.3.1/../../../../arm-none-eabi/lib/thumb/v7-m/nofp\libc_nano.a(lib_a-sprintf.o) (_svfprintf_r)
d:/set stm32/stm32cubeide_1.7.0/stm32cubeide/plugins/com.st.stm32cube.ide.mcu.externaltools.gnu-tools-for-stm32.9-2020-q2-update.win32_2.0.0.202105311346/tools/bin/../lib/gcc/arm-none-eabi/9.3.1/../../../../arm-none-eabi/lib/thumb/v7-m/nofp\libc_nano.a(lib_a-nano-vfprintf_i.o)
                              d:/set stm32/stm32cubeide_1.7.0/stm32cubeide/plugins/com.st.stm32cube.ide.mcu.externaltools.gnu-tools-for-stm32.9-2020-q2-update.win32_2.0.0.202105311346/tools/bin/../lib/gcc/arm-none-eabi/9.3.1/../../../../arm-none-eabi/lib/thumb/v7-m/nofp\libc_nano.a(lib_a-nano-svfprintf.o) (_printf_i)
d:/set stm32/stm32cubeide_1.7.0/stm32cubeide/plugins/com.st.stm32cube.ide.mcu.externaltools.gnu-tools-for-stm32.9-2020-q2-update.win32_2.0.0.202105311346/tools/bin/../lib/gcc/arm-none-eabi/9.3.1/../../../../arm-none-eabi/lib/thumb/v7-m/nofp\libc_nano.a(lib_a-memchr-stub.o)
[...]
Memory Configuration

Name             Origin             Length             Attributes
RAM              0x0000000020000000 0x0000000000005000 xrw
FLASH            0x0000000008000000 0x0000000000020000 xr
*default*        0x0000000000000000 0xffffffffffffffff

Linker script and memory map

LOAD d:/set stm32/stm32cubeide_1.7.0/stm32cubeide/plugins/com.st.stm32cube.ide.mcu.externaltools.gnu-tools-for-stm32.9-2020-q2-update.win32_2.0.0.202105311346/tools/bin/../lib/gcc/arm-none-eabi/9.3.1/thumb/v7-m/nofp/crti.o
LOAD d:/set stm32/stm32cubeide_1.7.0/stm32cubeide/plugins/com.st.stm32cube.ide.mcu.externaltools.gnu-tools-for-stm32.9-2020-q2-update.win32_2.0.0.202105311346/tools/bin/../lib/gcc/arm-none-eabi/9.3.1/thumb/v7-m/nofp/crtbegin.o
LOAD d:/set stm32/stm32cubeide_1.7.0/stm32cubeide/plugins/com.st.stm32cube.ide.mcu.externaltools.gnu-tools-for-stm32.9-2020-q2-update.win32_2.0.0.202105311346/tools/bin/../lib/gcc/arm-none-eabi/9.3.1/../../../../arm-none-eabi/lib/thumb/v7-m/nofp/crt0.o
LOAD ./Core/Src/button.o
LOAD ./Core/Src/buzzer.o
LOAD ./Core/Src/gpio.o
LOAD ./Core/Src/main.o
LOAD ./Core/Src/software_timer.o
LOAD ./Core/Src/stm32f1xx_hal_msp.o
LOAD ./Core/Src/stm32f1xx_it.o
LOAD ./Core/Src/syscalls.o
LOAD ./Core/Src/sysmem.o
LOAD ./Core/Src/system_stm32f1xx.o
LOAD ./Core/Src/tim.o
LOAD ./Core/Src/traffic_light.o
LOAD ./Core/Src/uart.o
LOAD ./Core/Src/usart.o
LOAD ./Core/Startup/startup_stm32f103rbtx.o
LOAD ./Drivers/STM32F1xx_HAL_Driver/Src/stm32f1xx_hal.o
LOAD ./Drivers/STM32F1xx_HAL_Driver/Src/stm32f1xx_hal_cortex.o
LOAD ./Drivers/STM32F1xx_HAL_Driver/Src/stm32f1xx_hal_dma.o
LOAD ./Drivers/STM32F1xx_HAL_Driver/Src/stm32f1xx_hal_exti.o
LOAD ./Drivers/STM32F1xx_HAL_Driver/Src/stm32f1xx_hal_flash.o
LOAD ./Drivers/STM32F1xx_HAL_Driver/Src/stm32f1xx_hal_flash_ex.o
LOAD ./Drivers/STM32F1xx_HAL_Driver/Src/stm32f1xx_hal_gpio.o
LOAD ./Drivers/STM32F1xx_HAL_Driver/Src/stm32f1xx_hal_gpio_ex.o
LOAD ./Drivers/STM32F1xx_HAL_Driver/Src/stm32f1xx_hal_pwr.o
LOAD ./Drivers/STM32F1xx_HAL_Driver/Src/stm32f1xx_hal_rcc.o
LOAD ./Drivers/STM32F1xx_HAL_Driver/Src/stm32f1xx_hal_rcc_ex.o
LOAD ./Drivers/STM32F1xx_HAL_Driver/Src/stm32f1xx_hal_tim.o
LOAD ./Drivers/STM32F1xx_HAL_Driver/Src/stm32f1xx_hal_tim_ex.o
LOAD ./Drivers/STM32F1xx_HAL_Driver/Src/stm32f1xx_hal_uart.o
START GROUP
LOAD d:/set stm32/stm32cubeide_1.7.0/stm32cubeide/plugins/com.st.stm32cube.ide.mcu.externaltools.gnu-tools-for-stm32.9-2020-q2-update.win32_2.0.0.202105311346/tools/bin/../lib/gcc/arm-none-eabi/9.3.1/../../../../arm-none-eabi/lib/thumb/v7-m/nofp\libc_nano.a
LOAD d:/set stm32/stm32cubeide_1.7.0/stm32cubeide/plugins/com.st.stm32cube.ide.mcu.externaltools.gnu-tools-for-stm32.9-2020-q2-update.win32_2.0.0.202105311346/tools/bin/../lib/gcc/arm-none-eabi/9.3.1/../../../../arm-none-eabi/lib/thumb/v7-m/nofp\libm.a
END GROUP
START GROUP
LOAD d:/set stm32/stm32cubeide_1.7.0/stm32cubeide/plugins/com.st.stm32cube.ide.mcu.externaltools.gnu-tools-for-stm32.9-2020-q2-update.win32_2.0.0.202105311346/tools/bin/../lib/gcc/arm-none-eabi/9.3.1/thumb/v7-m/nofp\libgcc.a
LOAD d:/set stm32/stm32cubeide_1.7.0/stm32cubeide/plugins/com.st.stm32cube.ide.mcu.externaltools.gnu-tools-for-stm32.9-2020-q2-update.win32_2.0.0.202105311346/tools/bin/../lib/gcc/arm-none-eabi/9.3.1/../../../../arm-none-eabi/lib/thumb/v7-m/nofp\libc_nano.a
END GROUP
START GROUP
LOAD d:/set stm32/stm32cubeide_1.7.0/stm32cubeide/plugins/com.st.stm32cube.ide.mcu.externaltools.gnu-tools-for-stm32.9-2020-q2-update.win32_2.0.0.202105311346/tools/bin/../lib/gcc/arm-none-eabi/9.3.1/thumb/v7-m/nofp\libgcc.a
LOAD d:/set stm32/stm32cubeide_1.7.0/stm32cubeide/plugins/com.st.stm32cube.ide.mcu.externaltools.gnu-tools-for-stm32.9-2020-q2-update.win32_2.0.0.202105311346/tools/bin/../lib/gcc/arm-none-eabi/9.3.1/../../../../arm-none-eabi/lib/thumb/v7-m/nofp\libc_nano.a
LOAD d:/set stm32/stm32cubeide_1.7.0/stm32cubeide/plugins/com.st.stm32cube.ide.mcu.externaltools.gnu-tools-for-stm32.9-2020-q2-update.win32_2.0.0.202105311346/tools/bin/../lib/gcc/arm-none-eabi/9.3.1/../../../../arm-none-eabi/lib/thumb/v7-m/nofp\libnosys.a
END GROUP
START GROUP
LOAD d:/set stm32/stm32cubeide_1.7.0/stm32cubeide/plugins/com.st.stm32cube.ide.mcu.externaltools.gnu-tools-for-stm32.9-2020-q2-update.win32_2.0.0.202105311346/tools/bin/../lib/gcc/arm-none-eabi/9.3.1/thumb/v7-m/nofp\libgcc.a
LOAD d:/set stm32/stm32cubeide_1.7.0/stm32cubeide/plugins/com.st.stm32cube.ide.mcu.externaltools.gnu-tools-for-stm32.9-2020-q2-update.win32_2.0.0.202105311346/tools/bin/../lib/gcc/arm-none-eabi/9.3.1/../../../../arm-none-eabi/lib/thumb/v7-m/nofp\libc_nano.a
LOAD d:/set stm32/stm32cubeide_1.7.0/stm32cubeide/plugins/com.st.stm32cube.ide.mcu.externaltools.gnu-tools-for-stm32.9-2020-q2-update.win32_2.0.0.202105311346/tools/bin/../lib/gcc/arm-none-eabi/9.3.1/../../../../arm-none-eabi/lib/thumb/v7-m/nofp\libnosys.a
END GROUP
LOAD d:/set stm32/stm32cubeide_1.7.0/stm32cubeide/plugins/com.st.stm32cube.ide.mcu.externaltools.gnu-tools-for-stm32.9-2020-q2-update.win32_2.0.0.202105311346/tools/bin/../lib/gcc/arm-none-eabi/9.3.1/thumb/v7-m/nofp/crtend.o
LOAD d:/set stm32/stm32cubeide_1.7.0/stm32cubeide/plugins/com.st.stm32cube.ide.mcu.externaltools.gnu-tools-for-stm32.9-2020-q2-update.win32_2.0.0.202105311346/tools/bin/../lib/gcc/arm-none-eabi/9.3.1/thumb/v7-m/nofp/crtn.o
                0x0000000020005000                _estack = (ORIGIN (RAM) + LENGTH (RAM))
                0x0000000000000200                _Min_Heap_Size = 0x200
                0x0000000000000400                _Min_Stack_Size = 0x400

.isr_vector     0x0000000008000000      0x10c
                0x0000000008000000                . = ALIGN (0x4)
 *(.isr_vector)
 .isr_vector    0x0000000008000000      0x10c ./Core/Startup/startup_stm32f103rbtx.o
                0x0000000008000000                g_pfnVectors
                0x000000000800010c                . = ALIGN (0x4)

.text           0x000000000800010c     0x499c
                0x000000000800010c                . = ALIGN (0x4)
 *(.text)
 .text          0x000000000800010c       0x40 d:/set stm32/stm32cubeide_1.7.0/stm32cubeide/plugins/com.st.stm32cube.ide.mcu.externaltools.gnu-tools-for-stm32.9-2020-q2-update.win32_2.0.0.202105311346/tools/bin/../lib/gcc/arm-none-eabi/9.3.1/thumb/v7-m/nofp/crtbegin.o
 .text          0x000000000800014c       0x10 d:/set stm32/stm32cubeide_1.7.0/stm32cubeide/plugins/com.st.stm32cube.ide.mcu.externaltools.gnu-tools-for-stm32.9-2020-q2-update.win32_2.0.0.202105311346/tools/bin/../lib/gcc/arm-none-eabi/9.3.1/../../../../arm-none-eabi/lib/thumb/v7-m/nofp\libc_nano.a(lib_a-strlen.o)
                0x000000000800014c                strlen
 *(.text*)
 .text.readKey  0x000000000800015c       0x54 ./Core/Src/button.o
                0x000000000800015c                readKey
 .text.getKeyInput
                0x00000000080001b0      0x148 ./Core/Src/button.o
                0x00000000080001b0                getKeyInput
 .text.isButtonPedes
                0x00000000080002f8       0x24 ./Core/Src/button.o
                0x00000000080002f8                isButtonPedes
 .text.isButtonMode
                0x000000000800031c       0x24 ./Core/Src/button.o
                0x000000000800031c                isButtonMode
 .text.isModeLongPress
                0x0000000008000340       0x24 ./Core/Src/button.o
                0x0000000008000340                isModeLongPress
 .text.isButtonTime
                0x0000000008000364       0x24 ./Core/Src/button.o
                0x0000000008000364                isButtonTime
 .text.isButtonEnter
                0x0000000008000388       0x24 ./Core/Src/button.o
                0x0000000008000388                isButtonEnter
 .text.buzzer_init
                0x00000000080003ac       0x14 ./Core/Src/buzzer.o
                0x00000000080003ac                buzzer_init
 .text.buzzer_SetVolume
                0x00000000080003c0       0x2c ./Core/Src/buzzer.o
                0x00000000080003c0                buzzer_SetVolume
 .text.MX_GPIO_Init
                0x00000000080003ec      0x120 ./Core/Src/gpio.o
                0x00000000080003ec                MX_GPIO_Init
 .text.main     0x000000000800050c       0x50 ./Core/Src/main.o
                0x000000000800050c                main
 .text.SystemClock_Config
                0x000000000800055c       0x82 ./Core/Src/main.o
                0x000000000800055c                SystemClock_Config
 .text.HAL_TIM_PeriodElapsedCallback
                0x00000000080005de       0x18 ./Core/Src/main.o
                0x00000000080005de                HAL_TIM_PeriodElapsedCallback
 .text.Error_Handler
                0x00000000080005f6        0xa ./Core/Src/main.o
                0x00000000080005f6                Error_Handler
 .text.setTimer1
                0x0000000008000600       0x28 ./Core/Src/software_timer.o
                0x0000000008000600                setTimer1
 .text.setTimer2
                0x0000000008000628       0x28 ./Core/Src/software_timer.o
                0x0000000008000628                setTimer2
 .text.timerRun
                0x0000000008000650       0x84 ./Core/Src/software_timer.o
                0x0000000008000650                timerRun
 .text.HAL_MspInit
                0x00000000080006d4       0x64 ./Core/Src/stm32f1xx_hal_msp.o
                0x00000000080006d4                HAL_MspInit
 .text.NMI_Handler
                0x0000000008000738        0x6 ./Core/Src/stm32f1xx_it.o
                0x0000000008000738                NMI_Handler
 .text.HardFault_Handler
                0x000000000800073e        0x6 ./Core/Src/stm32f1xx_it.o
                0x000000000800073e                HardFault_Handler
 .text.MemManage_Handler
                0x0000000008000744        0x6 ./Core/Src/stm32f1xx_it.o
                0x0000000008000744                MemManage_Handler
 .text.BusFault_Handler
                0x000000000800074a        0x6 ./Core/Src/stm32f1xx_it.o
                0x000000000800074a                BusFault_Handler
 .text.UsageFault_Handler
                0x0000000008000750        0x6 ./Core/Src/stm32f1xx_it.o
                0x0000000008000750                UsageFault_Handler
 .text.SVC_Handler
                0x0000000008000756        0xc ./Core/Src/stm32f1xx_it.o
                0x0000000008000756                SVC_Handler
 .text.DebugMon_Handler
                0x0000000008000762        0xc ./Core/Src/stm32f1xx_it.o
                0x0000000008000762                DebugMon_Handler
 .text.PendSV_Handler
                0x000000000800076e        0xc ./Core/Src/stm32f1xx_it.o
                0x000000000800076e                PendSV_Handler
 .text.SysTick_Handler
                0x000000000800077a        0xc ./Core/Src/stm32f1xx_it.o
                0x000000000800077a                SysTick_Handler
 *fill*         0x0000000008000786        0x2 
 .text.TIM2_IRQHandler
                0x0000000008000788       0x14 ./Core/Src/stm32f1xx_it.o
                0x0000000008000788                TIM2_IRQHandler
 .text.USART2_IRQHandler
                0x000000000800079c       0x14 ./Core/Src/stm32f1xx_it.o
                0x000000000800079c                USART2_IRQHandler
 .text._sbrk    0x00000000080007b0       0x6c ./Core/Src/sysmem.o
                0x00000000080007b0                _sbrk
 .text.SystemInit
                0x000000000800081c        0xc ./Core/Src/system_stm32f1xx.o
                0x000000000800081c                SystemInit
 .text.MX_TIM2_Init
                0x0000000008000828       0x9c ./Core/Src/tim.o
                0x0000000008000828                MX_TIM2_Init
 .text.MX_TIM3_Init
                0x00000000080008c4       0xec ./Core/Src/tim.o
                0x00000000080008c4                MX_TIM3_Init
 .text.HAL_TIM_Base_MspInit
                0x00000000080009b0       0x70 ./Core/Src/tim.o
                0x00000000080009b0                HAL_TIM_Base_MspInit
 .text.HAL_TIM_MspPostInit
                0x0000000008000a20       0x64 ./Core/Src/tim.o
                0x0000000008000a20                HAL_TIM_MspPostInit
 .text.Phase1_GreenOn
                0x0000000008000a84       0x30 ./Core/Src/traffic_light.o
                0x0000000008000a84                Phase1_GreenOn
 .text.Phase1_RedOn
                0x0000000008000ab4       0x30 ./Core/Src/traffic_light.o
                0x0000000008000ab4                Phase1_RedOn
 .text.Phase1_YellowOn
                0x0000000008000ae4       0x30 ./Core/Src/traffic_light.o
                0x0000000008000ae4                Phase1_YellowOn
 .text.Phase2_GreenOn
                0x0000000008000b14       0x34 ./Core/Src/traffic_light.o
                0x0000000008000b14                Phase2_GreenOn
 .text.Phase2_RedOn
                0x0000000008000b48       0x34 ./Core/Src/traffic_light.o
                0x0000000008000b48                Phase2_RedOn
 .text.Phase2_YellowOn
                0x0000000008000b7c       0x34 ./Core/Src/traffic_light.o
                0x0000000008000b7c                Phase2_YellowOn
 .text.Pedes_GreenOn
                0x0000000008000bb0       0x34 ./Core/Src/traffic_light.o
                0x0000000008000bb0                Pedes_GreenOn
 .text.Pedes_RedOn
                0x0000000008000be4       0x34 ./Core/Src/traffic_light.o
                0x0000000008000be4                Pedes_RedOn
 .text.Pedes_YellowOn
                0x0000000008000c18       0x34 ./Core/Src/traffic_light.o
                0x0000000008000c18                Pedes_YellowOn
 .text.Pedes_Off
                0x0000000008000c4c       0x34 ./Core/Src/traffic_light.o
                0x0000000008000c4c                Pedes_Off
 .text.Blink_Green
                0x0000000008000c80       0x50 ./Core/Src/traffic_light.o
                0x0000000008000c80                Blink_Green
 .text.Blink_Red
                0x0000000008000cd0       0x50 ./Core/Src/traffic_light.o
                0x0000000008000cd0                Blink_Red
 .text.Blink_Yellow
                0x0000000008000d20       0x50 ./Core/Src/traffic_light.o
                0x0000000008000d20                Blink_Yellow
 .text.normal_trafic
                0x0000000008000d70      0x240 ./Core/Src/traffic_light.o
                0x0000000008000d70                normal_trafic
 .text.manual_trafic
                0x0000000008000fb0      0x264 ./Core/Src/traffic_light.o
                0x0000000008000fb0                manual_trafic
 .text.tuning_traffic
                0x0000000008001214       0xe4 ./Core/Src/traffic_light.o
                0x0000000008001214                tuning_traffic
 .text.traffic_light
                0x00000000080012f8       0x9c ./Core/Src/traffic_light.o
                0x00000000080012f8                traffic_light
 .text.HAL_UART_RxCpltCallback
                0x0000000008001394       0x3c ./Core/Src/uart.o
                0x0000000008001394                HAL_UART_RxCpltCallback
 .text.sendString
                0x00000000080013d0       0x34 ./Core/Src/uart.o
                0x00000000080013d0                sendString
 .text.sendNum  0x0000000008001404       0x44 ./Core/Src/uart.o
                0x0000000008001404                sendNum
 .text.send7seg
                0x0000000008001448       0x48 ./Core/Src/uart.o
                0x0000000008001448                send7seg
 .text.sendManual
                0x0000000008001490       0x30 ./Core/Src/uart.o
                0x0000000008001490                sendManual
 .text.MX_USART2_UART_Init
                0x00000000080014c0       0x54 ./Core/Src/usart.o
                0x00000000080014c0                MX_USART2_UART_Init
 .text.HAL_UART_MspInit
                0x0000000008001514       0xa4 ./Core/Src/usart.o
                0x0000000008001514                HAL_UART_MspInit
 .text.Reset_Handler
                0x00000000080015b8       0x48 ./Core/Startup/startup_stm32f103rbtx.o
                0x00000000080015b8                Reset_Handler
 .text.Default_Handler
                0x0000000008001600        0x2 ./Core/Startup/startup_stm32f103rbtx.o
                0x0000000008001600                RTC_Alarm_IRQHandler
                0x0000000008001600                EXTI2_IRQHandler
                0x0000000008001600                TIM1_CC_IRQHandler
                0x0000000008001600                PVD_IRQHandler
                0x0000000008001600                EXTI3_IRQHandler
                0x0000000008001600                EXTI0_IRQHandler
                0x0000000008001600                I2C2_EV_IRQHandler
                0x0000000008001600                ADC1_2_IRQHandler
                0x0000000008001600                SPI1_IRQHandler
                0x0000000008001600                TAMPER_IRQHandler
                0x0000000008001600                DMA1_Channel4_IRQHandler
                0x0000000008001600                USART3_IRQHandler
                0x0000000008001600                RTC_IRQHandler
                0x0000000008001600                DMA1_Channel7_IRQHandler
                0x0000000008001600                CAN1_RX1_IRQHandler
                0x0000000008001600                TIM4_IRQHandler
                0x0000000008001600                I2C1_EV_IRQHandler
                0x0000000008001600                DMA1_Channel6_IRQHandler
                0x0000000008001600                TIM3_IRQHandler
                0x0000000008001600                RCC_IRQHandler
                0x0000000008001600                TIM1_TRG_COM_IRQHandler
                0x0000000008001600                DMA1_Channel1_IRQHandler
                0x0000000008001600                Default_Handler
                0x0000000008001600                EXTI15_10_IRQHandler
                0x0000000008001600                EXTI9_5_IRQHandler
                0x0000000008001600                SPI2_IRQHandler
                0x0000000008001600                DMA1_Channel5_IRQHandler
                0x0000000008001600                EXTI4_IRQHandler
                0x0000000008001600                USB_LP_CAN1_RX0_IRQHandler
                0x0000000008001600                USB_HP_CAN1_TX_IRQHandler
                0x0000000008001600                DMA1_Channel3_IRQHandler
                0x0000000008001600                TIM1_UP_IRQHandler
                0x0000000008001600                WWDG_IRQHandler
                0x0000000008001600                TIM1_BRK_IRQHandler
                0x0000000008001600                EXTI1_IRQHandler
                0x0000000008001600                I2C2_ER_IRQHandler
                0x0000000008001600                DMA1_Channel2_IRQHandler
                0x0000000008001600                CAN1_SCE_IRQHandler
                0x0000000008001600                FLASH_IRQHandler
                0x0000000008001600                USART1_IRQHandler
                0x0000000008001600                I2C1_ER_IRQHandler
                0x0000000008001600                USBWakeUp_IRQHandler
 *fill*         0x0000000008001602        0x2 
 .text.HAL_Init
                0x0000000008001604       0x2c ./Drivers/STM32F1xx_HAL_Driver/Src/stm32f1xx_hal.o
                0x0000000008001604                HAL_Init
 .text.HAL_InitTick
                0x0000000008001630       0x60 ./Drivers/STM32F1xx_HAL_Driver/Src/stm32f1xx_hal.o
                0x0000000008001630                HAL_InitTick
 .text.HAL_IncTick
                0x0000000008001690       0x24 ./Drivers/STM32F1xx_HAL_Driver/Src/stm32f1xx_hal.o
                0x0000000008001690                HAL_IncTick
 .text.HAL_GetTick
                0x00000000080016b4       0x14 ./Drivers/STM32F1xx_HAL_Driver/Src/stm32f1xx_hal.o
                0x00000000080016b4                HAL_GetTick
 .text.__NVIC_SetPriorityGrouping
                0x00000000080016c8       0x48 ./Drivers/STM32F1xx_HAL_Driver/Src/stm32f1xx_hal_cortex.o
 .text.__NVIC_GetPriorityGrouping
                0x0000000008001710       0x1c ./Drivers/STM32F1xx_HAL_Driver/Src/stm32f1xx_hal_cortex.o
 .text.__NVIC_EnableIRQ
                0x000000000800172c       0x38 ./Drivers/STM32F1xx_HAL_Driver/Src/stm32f1xx_hal_cortex.o
 .text.__NVIC_SetPriority
                0x0000000008001764       0x54 ./Drivers/STM32F1xx_HAL_Driver/Src/stm32f1xx_hal_cortex.o
 .text.NVIC_EncodePriority
                0x00000000080017b8       0x64 ./Drivers/STM32F1xx_HAL_Driver/Src/stm32f1xx_hal_cortex.o
 .text.SysTick_Config
                0x000000000800181c       0x44 ./Drivers/STM32F1xx_HAL_Driver/Src/stm32f1xx_hal_cortex.o
 .text.HAL_NVIC_SetPriorityGrouping
                0x0000000008001860       0x16 ./Drivers/STM32F1xx_HAL_Driver/Src/stm32f1xx_hal_cortex.o
                0x0000000008001860                HAL_NVIC_SetPriorityGrouping
 .text.HAL_NVIC_SetPriority
                0x0000000008001876       0x38 ./Drivers/STM32F1xx_HAL_Driver/Src/stm32f1xx_hal_cortex.o
                0x0000000008001876                HAL_NVIC_SetPriority
 .text.HAL_NVIC_EnableIRQ
                0x00000000080018ae       0x1c ./Drivers/STM32F1xx_HAL_Driver/Src/stm32f1xx_hal_cortex.o
                0x00000000080018ae                HAL_NVIC_EnableIRQ
 .text.HAL_SYSTICK_Config
                0x00000000080018ca       0x18 ./Drivers/STM32F1xx_HAL_Driver/Src/stm32f1xx_hal_cortex.o
                0x00000000080018ca                HAL_SYSTICK_Config
 .text.HAL_DMA_Abort
                0x00000000080018e2       0x76 ./Drivers/STM32F1xx_HAL_Driver/Src/stm32f1xx_hal_dma.o
                0x00000000080018e2                HAL_DMA_Abort
 .text.HAL_DMA_Abort_IT
                0x0000000008001958       0xf0 ./Drivers/STM32F1xx_HAL_Driver/Src/stm32f1xx_hal_dma.o
                0x0000000008001958                HAL_DMA_Abort_IT
 .text.HAL_GPIO_Init
                0x0000000008001a48      0x308 ./Drivers/STM32F1xx_HAL_Driver/Src/stm32f1xx_hal_gpio.o
                0x0000000008001a48                HAL_GPIO_Init
 .text.HAL_GPIO_ReadPin
                0x0000000008001d50       0x2e ./Drivers/STM32F1xx_HAL_Driver/Src/stm32f1xx_hal_gpio.o
                0x0000000008001d50                HAL_GPIO_ReadPin
 .text.HAL_GPIO_WritePin
                0x0000000008001d7e       0x30 ./Drivers/STM32F1xx_HAL_Driver/Src/stm32f1xx_hal_gpio.o
                0x0000000008001d7e                HAL_GPIO_WritePin
 .text.HAL_GPIO_TogglePin
                0x0000000008001dae       0x32 ./Drivers/STM32F1xx_HAL_Driver/Src/stm32f1xx_hal_gpio.o
                0x0000000008001dae                HAL_GPIO_TogglePin
 .text.HAL_RCC_OscConfig
                0x0000000008001de0      0x500 ./Drivers/STM32F1xx_HAL_Driver/Src/stm32f1xx_hal_rcc.o
                0x0000000008001de0                HAL_RCC_OscConfig
 .text.HAL_RCC_ClockConfig
                0x00000000080022e0      0x1d4 ./Drivers/STM32F1xx_HAL_Driver/Src/stm32f1xx_hal_rcc.o
                0x00000000080022e0                HAL_RCC_ClockConfig
 .text.HAL_RCC_GetSysClockFreq
                0x00000000080024b4       0xa8 ./Drivers/STM32F1xx_HAL_Driver/Src/stm32f1xx_hal_rcc.o
                0x00000000080024b4                HAL_RCC_GetSysClockFreq
 .text.HAL_RCC_GetHCLKFreq
                0x000000000800255c       0x14 ./Drivers/STM32F1xx_HAL_Driver/Src/stm32f1xx_hal_rcc.o
                0x000000000800255c                HAL_RCC_GetHCLKFreq
 .text.HAL_RCC_GetPCLK1Freq
                0x0000000008002570       0x28 ./Drivers/STM32F1xx_HAL_Driver/Src/stm32f1xx_hal_rcc.o
                0x0000000008002570                HAL_RCC_GetPCLK1Freq
 .text.HAL_RCC_GetPCLK2Freq
                0x0000000008002598       0x28 ./Drivers/STM32F1xx_HAL_Driver/Src/stm32f1xx_hal_rcc.o
                0x0000000008002598                HAL_RCC_GetPCLK2Freq
 .text.RCC_Delay
                0x00000000080025c0       0x3c ./Drivers/STM32F1xx_HAL_Driver/Src/stm32f1xx_hal_rcc.o
 .text.HAL_TIM_Base_Init
                0x00000000080025fc       0x9e ./Drivers/STM32F1xx_HAL_Driver/Src/stm32f1xx_hal_tim.o
                0x00000000080025fc                HAL_TIM_Base_Init
 *fill*         0x000000000800269a        0x2 
 .text.HAL_TIM_Base_Start_IT
                0x000000000800269c       0xa4 ./Drivers/STM32F1xx_HAL_Driver/Src/stm32f1xx_hal_tim.o
                0x000000000800269c                HAL_TIM_Base_Start_IT
 .text.HAL_TIM_PWM_Init
                0x0000000008002740       0x9e ./Drivers/STM32F1xx_HAL_Driver/Src/stm32f1xx_hal_tim.o
                0x0000000008002740                HAL_TIM_PWM_Init
 .text.HAL_TIM_PWM_MspInit
                0x00000000080027de       0x12 ./Drivers/STM32F1xx_HAL_Driver/Src/stm32f1xx_hal_tim.o
                0x00000000080027de                HAL_TIM_PWM_MspInit
 .text.HAL_TIM_PWM_Start
                0x00000000080027f0      0x144 ./Drivers/STM32F1xx_HAL_Driver/Src/stm32f1xx_hal_tim.o
                0x00000000080027f0                HAL_TIM_PWM_Start
 .text.HAL_TIM_IRQHandler
                0x0000000008002934      0x210 ./Drivers/STM32F1xx_HAL_Driver/Src/stm32f1xx_hal_tim.o
                0x0000000008002934                HAL_TIM_IRQHandler
 .text.HAL_TIM_PWM_ConfigChannel
                0x0000000008002b44      0x184 ./Drivers/STM32F1xx_HAL_Driver/Src/stm32f1xx_hal_tim.o
                0x0000000008002b44                HAL_TIM_PWM_ConfigChannel
 .text.HAL_TIM_ConfigClockSource
                0x0000000008002cc8      0x18e ./Drivers/STM32F1xx_HAL_Driver/Src/stm32f1xx_hal_tim.o
                0x0000000008002cc8                HAL_TIM_ConfigClockSource
 .text.HAL_TIM_OC_DelayElapsedCallback
                0x0000000008002e56       0x12 ./Drivers/STM32F1xx_HAL_Driver/Src/stm32f1xx_hal_tim.o
                0x0000000008002e56                HAL_TIM_OC_DelayElapsedCallback
 .text.HAL_TIM_IC_CaptureCallback
                0x0000000008002e68       0x12 ./Drivers/STM32F1xx_HAL_Driver/Src/stm32f1xx_hal_tim.o
                0x0000000008002e68                HAL_TIM_IC_CaptureCallback
 .text.HAL_TIM_PWM_PulseFinishedCallback
                0x0000000008002e7a       0x12 ./Drivers/STM32F1xx_HAL_Driver/Src/stm32f1xx_hal_tim.o
                0x0000000008002e7a                HAL_TIM_PWM_PulseFinishedCallback
 .text.HAL_TIM_TriggerCallback
                0x0000000008002e8c       0x12 ./Drivers/STM32F1xx_HAL_Driver/Src/stm32f1xx_hal_tim.o
                0x0000000008002e8c                HAL_TIM_TriggerCallback
 *fill*         0x0000000008002e9e        0x2 
 .text.TIM_Base_SetConfig
                0x0000000008002ea0       0xc4 ./Drivers/STM32F1xx_HAL_Driver/Src/stm32f1xx_hal_tim.o
                0x0000000008002ea0                TIM_Base_SetConfig
 .text.TIM_OC1_SetConfig
                0x0000000008002f64       0xcc ./Drivers/STM32F1xx_HAL_Driver/Src/stm32f1xx_hal_tim.o
 .text.TIM_OC2_SetConfig
                0x0000000008003030       0xd4 ./Drivers/STM32F1xx_HAL_Driver/Src/stm32f1xx_hal_tim.o
                0x0000000008003030                TIM_OC2_SetConfig
 .text.TIM_OC3_SetConfig
                0x0000000008003104       0xd4 ./Drivers/STM32F1xx_HAL_Driver/Src/stm32f1xx_hal_tim.o
 .text.TIM_OC4_SetConfig
                0x00000000080031d8       0x9c ./Drivers/STM32F1xx_HAL_Driver/Src/stm32f1xx_hal_tim.o
 .text.TIM_TI1_ConfigInputStage
                0x0000000008003274       0x5c ./Drivers/STM32F1xx_HAL_Driver/Src/stm32f1xx_hal_tim.o
 .text.TIM_TI2_ConfigInputStage
                0x00000000080032d0       0x5e ./Drivers/STM32F1xx_HAL_Driver/Src/stm32f1xx_hal_tim.o
 .text.TIM_ITRx_SetConfig
                0x000000000800332e       0x34 ./Drivers/STM32F1xx_HAL_Driver/Src/stm32f1xx_hal_tim.o
 .text.TIM_ETR_SetConfig
                0x0000000008003362       0x3e ./Drivers/STM32F1xx_HAL_Driver/Src/stm32f1xx_hal_tim.o
                0x0000000008003362                TIM_ETR_SetConfig
 .text.TIM_CCxChannelCmd
                0x00000000080033a0       0x48 ./Drivers/STM32F1xx_HAL_Driver/Src/stm32f1xx_hal_tim.o
                0x00000000080033a0                TIM_CCxChannelCmd
 .text.HAL_TIMEx_MasterConfigSynchronization
                0x00000000080033e8       0xbc ./Drivers/STM32F1xx_HAL_Driver/Src/stm32f1xx_hal_tim_ex.o
                0x00000000080033e8                HAL_TIMEx_MasterConfigSynchronization
 .text.HAL_TIMEx_CommutCallback
                0x00000000080034a4       0x12 ./Drivers/STM32F1xx_HAL_Driver/Src/stm32f1xx_hal_tim_ex.o
                0x00000000080034a4                HAL_TIMEx_CommutCallback
 .text.HAL_TIMEx_BreakCallback
                0x00000000080034b6       0x12 ./Drivers/STM32F1xx_HAL_Driver/Src/stm32f1xx_hal_tim_ex.o
                0x00000000080034b6                HAL_TIMEx_BreakCallback
 .text.HAL_UART_Init
                0x00000000080034c8       0xa0 ./Drivers/STM32F1xx_HAL_Driver/Src/stm32f1xx_hal_uart.o
                0x00000000080034c8                HAL_UART_Init
 .text.HAL_UART_Transmit
                0x0000000008003568      0x106 ./Drivers/STM32F1xx_HAL_Driver/Src/stm32f1xx_hal_uart.o
                0x0000000008003568                HAL_UART_Transmit
 .text.HAL_UART_Receive_IT
                0x000000000800366e       0x4a ./Drivers/STM32F1xx_HAL_Driver/Src/stm32f1xx_hal_uart.o
                0x000000000800366e                HAL_UART_Receive_IT
 .text.HAL_UART_IRQHandler
                0x00000000080036b8      0x524 ./Drivers/STM32F1xx_HAL_Driver/Src/stm32f1xx_hal_uart.o
                0x00000000080036b8                HAL_UART_IRQHandler
 .text.HAL_UART_TxCpltCallback
                0x0000000008003bdc       0x12 ./Drivers/STM32F1xx_HAL_Driver/Src/stm32f1xx_hal_uart.o
                0x0000000008003bdc                HAL_UART_TxCpltCallback
 .text.HAL_UART_ErrorCallback
                0x0000000008003bee       0x12 ./Drivers/STM32F1xx_HAL_Driver/Src/stm32f1xx_hal_uart.o
                0x0000000008003bee                HAL_UART_ErrorCallback
 .text.HAL_UARTEx_RxEventCallback
                0x0000000008003c00       0x16 ./Drivers/STM32F1xx_HAL_Driver/Src/stm32f1xx_hal_uart.o
                0x0000000008003c00                HAL_UARTEx_RxEventCallback
 .text.UART_WaitOnFlagUntilTimeout
                0x0000000008003c16       0xdc ./Drivers/STM32F1xx_HAL_Driver/Src/stm32f1xx_hal_uart.o
 .text.UART_Start_Receive_IT
                0x0000000008003cf2       0x72 ./Drivers/STM32F1xx_HAL_Driver/Src/stm32f1xx_hal_uart.o
                0x0000000008003cf2                UART_Start_Receive_IT
 .text.UART_EndRxTransfer
                0x0000000008003d64       0xc4 ./Drivers/STM32F1xx_HAL_Driver/Src/stm32f1xx_hal_uart.o
 .text.UART_DMAAbortOnError
                0x0000000008003e28       0x28 ./Drivers/STM32F1xx_HAL_Driver/Src/stm32f1xx_hal_uart.o
 .text.UART_Transmit_IT
                0x0000000008003e50       0x9e ./Drivers/STM32F1xx_HAL_Driver/Src/stm32f1xx_hal_uart.o
 .text.UART_EndTransmit_IT
                0x0000000008003eee       0x30 ./Drivers/STM32F1xx_HAL_Driver/Src/stm32f1xx_hal_uart.o
 .text.UART_Receive_IT
                0x0000000008003f1e      0x17c ./Drivers/STM32F1xx_HAL_Driver/Src/stm32f1xx_hal_uart.o
 *fill*         0x000000000800409a        0x2 
 .text.UART_SetConfig
                0x000000000800409c      0x11c ./Drivers/STM32F1xx_HAL_Driver/Src/stm32f1xx_hal_uart.o
 .text.__errno  0x00000000080041b8        0xc d:/set stm32/stm32cubeide_1.7.0/stm32cubeide/plugins/com.st.stm32cube.ide.mcu.externaltools.gnu-tools-for-stm32.9-2020-q2-update.win32_2.0.0.202105311346/tools/bin/../lib/gcc/arm-none-eabi/9.3.1/../../../../arm-none-eabi/lib/thumb/v7-m/nofp\libc_nano.a(lib_a-errno.o)
                0x00000000080041b8                __errno
 .text.__libc_init_array
                0x00000000080041c4       0x48 d:/set stm32/stm32cubeide_1.7.0/stm32cubeide/plugins/com.st.stm32cube.ide.mcu.externaltools.gnu-tools-for-stm32.9-2020-q2-update.win32_2.0.0.202105311346/tools/bin/../lib/gcc/arm-none-eabi/9.3.1/../../../../arm-none-eabi/lib/thumb/v7-m/nofp\libc_nano.a(lib_a-init.o)
                0x00000000080041c4                __libc_init_array
 .text.memset   0x000000000800420c       0x10 d:/set stm32/stm32cubeide_1.7.0/stm32cubeide/plugins/com.st.stm32cube.ide.mcu.externaltools.gnu-tools-for-stm32.9-2020-q2-update.win32_2.0.0.202105311346/tools/bin/../lib/gcc/arm-none-eabi/9.3.1/../../../../arm-none-eabi/lib/thumb/v7-m/nofp\libc_nano.a(lib_a-memset.o)
                0x000000000800420c                memset
 .text.sprintf  0x000000000800421c       0x40 d:/set stm32/stm32cubeide_1.7.0/stm32cubeide/plugins/com.st.stm32cube.ide.mcu.externaltools.gnu-tools-for-stm32.9-2020-q2-update.win32_2.0.0.202105311346/tools/bin/../lib/gcc/arm-none-eabi/9.3.1/../../../../arm-none-eabi/lib/thumb/v7-m/nofp\libc_nano.a(lib_a-sprintf.o)
                0x000000000800421c                siprintf
                0x000000000800421c                sprintf
 .text.__ssputs_r
                0x000000000800425c       0xb6 d:/set stm32/stm32cubeide_1.7.0/stm32cubeide/plugins/com.st.stm32cube.ide.mcu.externaltools.gnu-tools-for-stm32.9-2020-q2-update.win32_2.0.0.202105311346/tools/bin/../lib/gcc/arm-none-eabi/9.3.1/../../../../arm-none-eabi/lib/thumb/v7-m/nofp\libc_nano.a(lib_a-nano-svfprintf.o)
                0x000000000800425c                __ssputs_r
 *fill*         0x0000000008004312        0x2 
 .text._svfprintf_r
                0x0000000008004314      0x200 d:/set stm32/stm32cubeide_1.7.0/stm32cubeide/plugins/com.st.stm32cube.ide.mcu.externaltools.gnu-tools-for-stm32.9-2020-q2-update.win32_2.0.0.202105311346/tools/bin/../lib/gcc/arm-none-eabi/9.3.1/../../../../arm-none-eabi/lib/thumb/v7-m/nofp\libc_nano.a(lib_a-nano-svfprintf.o)
                0x0000000008004314                _svfiprintf_r
                0x0000000008004314                _svfprintf_r
 .text._printf_common
                0x0000000008004514       0xde d:/set stm32/stm32cubeide_1.7.0/stm32cubeide/plugins/com.st.stm32cube.ide.mcu.externaltools.gnu-tools-for-stm32.9-2020-q2-update.win32_2.0.0.202105311346/tools/bin/../lib/gcc/arm-none-eabi/9.3.1/../../../../arm-none-eabi/lib/thumb/v7-m/nofp\libc_nano.a(lib_a-nano-vfprintf_i.o)
                0x0000000008004514                _printf_common
 *fill*         0x00000000080045f2        0x2 
 .text._printf_i
                0x00000000080045f4      0x24c d:/set stm32/stm32cubeide_1.7.0/stm32cubeide/plugins/com.st.stm32cube.ide.mcu.externaltools.gnu-tools-for-stm32.9-2020-q2-update.win32_2.0.0.202105311346/tools/bin/../lib/gcc/arm-none-eabi/9.3.1/../../../../arm-none-eabi/lib/thumb/v7-m/nofp\libc_nano.a(lib_a-nano-vfprintf_i.o)
                0x00000000080045f4                _printf_i
 .text.memchr   0x0000000008004840       0x1c d:/set stm32/stm32cubeide_1.7.0/stm32cubeide/plugins/com.st.stm32cube.ide.mcu.externaltools.gnu-tools-for-stm32.9-2020-q2-update.win32_2.0.0.202105311346/tools/bin/../lib/gcc/arm-none-eabi/9.3.1/../../../../arm-none-eabi/lib/thumb/v7-m/nofp\libc_nano.a(lib_a-memchr-stub.o)
                0x0000000008004840                memchr
 .text.memcpy   0x000000000800485c       0x1c d:/set stm32/stm32cubeide_1.7.0/stm32cubeide/plugins/com.st.stm32cube.ide.mcu.externaltools.gnu-tools-for-stm32.9-2020-q2-update.win32_2.0.0.202105311346/tools/bin/../lib/gcc/arm-none-eabi/9.3.1/../../../../arm-none-eabi/lib/thumb/v7-m/nofp\libc_nano.a(lib_a-memcpy-stub.o)
                0x000000000800485c                memcpy
 .text.memmove  0x0000000008004878       0x34 d:/set stm32/stm32cubeide_1.7.0/stm32cubeide/plugins/com.st.stm32cube.ide.mcu.externaltools.gnu-tools-for-stm32.9-2020-q2-update.win32_2.0.0.202105311346/tools/bin/../lib/gcc/arm-none-eabi/9.3.1/../../../../arm-none-eabi/lib/thumb/v7-m/nofp\libc_nano.a(lib_a-memmove.o)
                0x0000000008004878                memmove
 .text._free_r  0x00000000080048ac       0x98 d:/set stm32/stm32cubeide_1.7.0/stm32cubeide/plugins/com.st.stm32cube.ide.mcu.externaltools.gnu-tools-for-stm32.9-2020-q2-update.win32_2.0.0.202105311346/tools/bin/../lib/gcc/arm-none-eabi/9.3.1/../../../../arm-none-eabi/lib/thumb/v7-m/nofp\libc_nano.a(lib_a-nano-freer.o)
                0x00000000080048ac                _free_r
 .text._malloc_r
                0x0000000008004944       0xb4 d:/set stm32/stm32cubeide_1.7.0/stm32cubeide/plugins/com.st.stm32cube.ide.mcu.externaltools.gnu-tools-for-stm32.9-2020-q2-update.win32_2.0.0.202105311346/tools/bin/../lib/gcc/arm-none-eabi/9.3.1/../../../../arm-none-eabi/lib/thumb/v7-m/nofp\libc_nano.a(lib_a-nano-mallocr.o)
                0x0000000008004944                _malloc_r
 .text._realloc_r
                0x00000000080049f8       0x4c d:/set stm32/stm32cubeide_1.7.0/stm32cubeide/plugins/com.st.stm32cube.ide.mcu.externaltools.gnu-tools-for-stm32.9-2020-q2-update.win32_2.0.0.202105311346/tools/bin/../lib/gcc/arm-none-eabi/9.3.1/../../../../arm-none-eabi/lib/thumb/v7-m/nofp\libc_nano.a(lib_a-nano-reallocr.o)
                0x00000000080049f8                _realloc_r
 .text._sbrk_r  0x0000000008004a44       0x20 d:/set stm32/stm32cubeide_1.7.0/stm32cubeide/plugins/com.st.stm32cube.ide.mcu.externaltools.gnu-tools-for-stm32.9-2020-q2-update.win32_2.0.0.202105311346/tools/bin/../lib/gcc/arm-none-eabi/9.3.1/../../../../arm-none-eabi/lib/thumb/v7-m/nofp\libc_nano.a(lib_a-sbrkr.o)
                0x0000000008004a44                _sbrk_r
 .text.__malloc_lock
                0x0000000008004a64        0xc d:/set stm32/stm32cubeide_1.7.0/stm32cubeide/plugins/com.st.stm32cube.ide.mcu.externaltools.gnu-tools-for-stm32.9-2020-q2-update.win32_2.0.0.202105311346/tools/bin/../lib/gcc/arm-none-eabi/9.3.1/../../../../arm-none-eabi/lib/thumb/v7-m/nofp\libc_nano.a(lib_a-mlock.o)
                0x0000000008004a64                __malloc_lock
 .text.__malloc_unlock
                0x0000000008004a70        0xc d:/set stm32/stm32cubeide_1.7.0/stm32cubeide/plugins/com.st.stm32cube.ide.mcu.externaltools.gnu-tools-for-stm32.9-2020-q2-update.win32_2.0.0.202105311346/tools/bin/../lib/gcc/arm-none-eabi/9.3.1/../../../../arm-none-eabi/lib/thumb/v7-m/nofp\libc_nano.a(lib_a-mlock.o)
                0x0000000008004a70                __malloc_unlock
 .text._malloc_usable_size_r
                0x0000000008004a7c       0x10 d:/set stm32/stm32cubeide_1.7.0/stm32cubeide/plugins/com.st.stm32cube.ide.mcu.externaltools.gnu-tools-for-stm32.9-2020-q2-update.win32_2.0.0.202105311346/tools/bin/../lib/gcc/arm-none-eabi/9.3.1/../../../../arm-none-eabi/lib/thumb/v7-m/nofp\libc_nano.a(lib_a-nano-msizer.o)
                0x0000000008004a7c                _malloc_usable_size_r
 .text.__retarget_lock_acquire_recursive
                0x0000000008004a8c        0x2 d:/set stm32/stm32cubeide_1.7.0/stm32cubeide/plugins/com.st.stm32cube.ide.mcu.externaltools.gnu-tools-for-stm32.9-2020-q2-update.win32_2.0.0.202105311346/tools/bin/../lib/gcc/arm-none-eabi/9.3.1/../../../../arm-none-eabi/lib/thumb/v7-m/nofp\libc_nano.a(lib_a-lock.o)
                0x0000000008004a8c                __retarget_lock_acquire_recursive
 .text.__retarget_lock_release_recursive
                0x0000000008004a8e        0x2 d:/set stm32/stm32cubeide_1.7.0/stm32cubeide/plugins/com.st.stm32cube.ide.mcu.externaltools.gnu-tools-for-stm32.9-2020-q2-update.win32_2.0.0.202105311346/tools/bin/../lib/gcc/arm-none-eabi/9.3.1/../../../../arm-none-eabi/lib/thumb/v7-m/nofp\libc_nano.a(lib_a-lock.o)
                0x0000000008004a8e                __retarget_lock_release_recursive
 *(.glue_7)
 .glue_7        0x0000000008004a90        0x0 linker stubs
 *(.glue_7t)
 .glue_7t       0x0000000008004a90        0x0 linker stubs
 *(.eh_frame)
 .eh_frame      0x0000000008004a90        0x0 d:/set stm32/stm32cubeide_1.7.0/stm32cubeide/plugins/com.st.stm32cube.ide.mcu.externaltools.gnu-tools-for-stm32.9-2020-q2-update.win32_2.0.0.202105311346/tools/bin/../lib/gcc/arm-none-eabi/9.3.1/thumb/v7-m/nofp/crtbegin.o
 *(.init)
 .init          0x0000000008004a90        0x4 d:/set stm32/stm32cubeide_1.7.0/stm32cubeide/plugins/com.st.stm32cube.ide.mcu.externaltools.gnu-tools-for-stm32.9-2020-q2-update.win32_2.0.0.202105311346/tools/bin/../lib/gcc/arm-none-eabi/9.3.1/thumb/v7-m/nofp/crti.o
                0x0000000008004a90                _init
 .init          0x0000000008004a94        0x8 d:/set stm32/stm32cubeide_1.7.0/stm32cubeide/plugins/com.st.stm32cube.ide.mcu.externaltools.gnu-tools-for-stm32.9-2020-q2-update.win32_2.0.0.202105311346/tools/bin/../lib/gcc/arm-none-eabi/9.3.1/thumb/v7-m/nofp/crtn.o
 *(.fini)
 .fini          0x0000000008004a9c        0x4 d:/set stm32/stm32cubeide_1.7.0/stm32cubeide/plugins/com.st.stm32cube.ide.mcu.externaltools.gnu-tools-for-stm32.9-2020-q2-update.win32_2.0.0.202105311346/tools/bin/../lib/gcc/arm-none-eabi/9.3.1/thumb/v7-m/nofp/crti.o
                0x0000000008004a9c                _fini
 .fini          0x0000000008004aa0        0x8 d:/set stm32/stm32cubeide_1.7.0/stm32cubeide/plugins/com.st.stm32cube.ide.mcu.externaltools.gnu-tools-for-stm32.9-2020-q2-update.win32_2.0.0.202105311346/tools/bin/../lib/gcc/arm-none-eabi/9.3.1/thumb/v7-m/nofp/crtn.o
                0x0000000008004aa8                . = ALIGN (0x4)
                0x0000000008004aa8                _etext = .

.vfp11_veneer   0x0000000008004aa8        0x0
 .vfp11_veneer  0x0000000008004aa8        0x0 linker stubs

.v4_bx          0x0000000008004aa8        0x0
 .v4_bx         0x0000000008004aa8        0x0 linker stubs

.iplt           0x0000000008004aa8        0x0
 .iplt          0x0000000008004aa8        0x0 d:/set stm32/stm32cubeide_1.7.0/stm32cubeide/plugins/com.st.stm32cube.ide.mcu.externaltools.gnu-tools-for-stm32.9-2020-q2-update.win32_2.0.0.202105311346/tools/bin/../lib/gcc/arm-none-eabi/9.3.1/thumb/v7-m/nofp/crtbegin.o

.rodata         0x0000000008004aa8       0xd8
                0x0000000008004aa8                . = ALIGN (0x4)
 *(.rodata)
 .rodata        0x0000000008004aa8       0x3b ./Core/Src/traffic_light.o
 *fill*         0x0000000008004ae3        0x1 
 .rodata        0x0000000008004ae4       0x3b ./Core/Src/uart.o
 *(.rodata*)
 *fill*         0x0000000008004b1f        0x1 
 .rodata.AHBPrescTable
                0x0000000008004b20       0x10 ./Core/Src/system_stm32f1xx.o
                0x0000000008004b20                AHBPrescTable
 .rodata.APBPrescTable
                0x0000000008004b30        0x8 ./Core/Src/system_stm32f1xx.o
                0x0000000008004b30                APBPrescTable
 .rodata.aPLLMULFactorTable.6196
                0x0000000008004b38       0x10 ./Drivers/STM32F1xx_HAL_Driver/Src/stm32f1xx_hal_rcc.o
 .rodata.aPredivFactorTable.6197
                0x0000000008004b48        0x2 ./Drivers/STM32F1xx_HAL_Driver/Src/stm32f1xx_hal_rcc.o
 .rodata._svfprintf_r.str1.1
                0x0000000008004b4a       0x11 d:/set stm32/stm32cubeide_1.7.0/stm32cubeide/plugins/com.st.stm32cube.ide.mcu.externaltools.gnu-tools-for-stm32.9-2020-q2-update.win32_2.0.0.202105311346/tools/bin/../lib/gcc/arm-none-eabi/9.3.1/../../../../arm-none-eabi/lib/thumb/v7-m/nofp\libc_nano.a(lib_a-nano-svfprintf.o)
 .rodata._printf_i.str1.1
                0x0000000008004b5b       0x22 d:/set stm32/stm32cubeide_1.7.0/stm32cubeide/plugins/com.st.stm32cube.ide.mcu.externaltools.gnu-tools-for-stm32.9-2020-q2-update.win32_2.0.0.202105311346/tools/bin/../lib/gcc/arm-none-eabi/9.3.1/../../../../arm-none-eabi/lib/thumb/v7-m/nofp\libc_nano.a(lib_a-nano-vfprintf_i.o)
                0x0000000008004b80                . = ALIGN (0x4)
 *fill*         0x0000000008004b7d        0x3 

.rel.dyn        0x0000000008004b80        0x0
 .rel.iplt      0x0000000008004b80        0x0 d:/set stm32/stm32cubeide_1.7.0/stm32cubeide/plugins/com.st.stm32cube.ide.mcu.externaltools.gnu-tools-for-stm32.9-2020-q2-update.win32_2.0.0.202105311346/tools/bin/../lib/gcc/arm-none-eabi/9.3.1/thumb/v7-m/nofp/crtbegin.o

.ARM.extab      0x0000000008004b80        0x0
                0x0000000008004b80                . = ALIGN (0x4)
 *(.ARM.extab* .gnu.linkonce.armextab.*)
                0x0000000008004b80                . = ALIGN (0x4)

.ARM            0x0000000008004b80        0x0
                0x0000000008004b80                . = ALIGN (0x4)
                0x0000000008004b80                __exidx_start = .
 *(.ARM.exidx*)
                0x0000000008004b80                __exidx_end = .
                0x0000000008004b80                . = ALIGN (0x4)

.preinit_array  0x0000000008004b80        0x0
                0x0000000008004b80                . = ALIGN (0x4)
                0x0000000008004b80                PROVIDE (__preinit_array_start = .)
 *(.preinit_array*)
                0x0000000008004b80                PROVIDE (__preinit_array_end = .)
                0x0000000008004b80                . = ALIGN (0x4)

.init_array     0x0000000008004b80        0x4
                0x0000000008004b80                . = ALIGN (0x4)
                0x0000000008004b80                PROVIDE (__init_array_start = .)
 *(SORT_BY_NAME(.init_array.*))
 *(.init_array*)
 .init_array    0x0000000008004b80        0x4 d:/set stm32/stm32cubeide_1.7.0/stm32cubeide/plugins/com.st.stm32cube.ide.mcu.externaltools.gnu-tools-for-stm32.9-2020-q2-update.win32_2.0.0.202105311346/tools/bin/../lib/gcc/arm-none-eabi/9.3.1/thumb/v7-m/nofp/crtbegin.o
                0x0000000008004b84                PROVIDE (__init_array_end = .)
                0x0000000008004b84                . = ALIGN (0x4)

.fini_array     0x0000000008004b84        0x4
                0x0000000008004b84                . = ALIGN (0x4)
                [!provide]                        PROVIDE (__fini_array_start = .)
 *(SORT_BY_NAME(.fini_array.*))
 *(.fini_array*)
 .fini_array    0x0000000008004b84        0x4 d:/set stm32/stm32cubeide_1.7.0/stm32cubeide/plugins/com.st.stm32cube.ide.mcu.externaltools.gnu-tools-for-stm32.9-2020-q2-update.win32_2.0.0.202105311346/tools/bin/../lib/gcc/arm-none-eabi/9.3.1/thumb/v7-m/nofp/crtbegin.o
                [!provide]                        PROVIDE (__fini_array_end = .)
                0x0000000008004b88                . = ALIGN (0x4)
                0x0000000008004b88                _sidata = LOADADDR (.data)

.data           0x0000000020000000      0x25c load address 0x0000000008004b88
                0x0000000020000000                . = ALIGN (0x4)
                0x0000000020000000                _sdata = .
 *(.data)
 *(.data*)
 .data.Keyred0  0x0000000020000000       0x50 ./Core/Src/button.o
                0x0000000020000000                Keyred0
 .data.Keyred1  0x0000000020000050       0x50 ./Core/Src/button.o
                0x0000000020000050                Keyred1
 .data.Keyred2  0x00000000200000a0       0x50 ./Core/Src/button.o
                0x00000000200000a0                Keyred2
 .data.Keyred3  0x00000000200000f0       0x50 ./Core/Src/button.o
                0x00000000200000f0                Keyred3
 .data.Key      0x0000000020000140       0x50 ./Core/Src/button.o
                0x0000000020000140                Key
 .data.MAX_KEY  0x0000000020000190        0x4 ./Core/Src/button.o
                0x0000000020000190                MAX_KEY
 .data.TimerForKeypress
                0x0000000020000194       0x50 ./Core/Src/button.o
                0x0000000020000194                TimerForKeypress
 .data.SystemCoreClock
                0x00000000200001e4        0x4 ./Core/Src/system_stm32f1xx.o
                0x00000000200001e4                SystemCoreClock
 .data.status_automation
                0x00000000200001e8        0x1 ./Core/Src/traffic_light.o
                0x00000000200001e8                status_automation
 .data.count_red
                0x00000000200001e9        0x1 ./Core/Src/traffic_light.o
                0x00000000200001e9                count_red
 .data.count_yellow
                0x00000000200001ea        0x1 ./Core/Src/traffic_light.o
                0x00000000200001ea                count_yellow
 .data.count_green
                0x00000000200001eb        0x1 ./Core/Src/traffic_light.o
                0x00000000200001eb                count_green
 .data.status_manual
                0x00000000200001ec        0x1 ./Core/Src/traffic_light.o
                0x00000000200001ec                status_manual
 .data.count_tuning
                0x00000000200001ed        0x1 ./Core/Src/traffic_light.o
                0x00000000200001ed                count_tuning
 .data.status_traffic
                0x00000000200001ee        0x1 ./Core/Src/traffic_light.o
                0x00000000200001ee                status_traffic
 *fill*         0x00000000200001ef        0x1 
 .data.uwTickPrio
                0x00000000200001f0        0x4 ./Drivers/STM32F1xx_HAL_Driver/Src/stm32f1xx_hal.o
                0x00000000200001f0                uwTickPrio
 .data.uwTickFreq
                0x00000000200001f4        0x1 ./Drivers/STM32F1xx_HAL_Driver/Src/stm32f1xx_hal.o
                0x00000000200001f4                uwTickFreq
 *fill*         0x00000000200001f5        0x3 
 .data._impure_ptr
                0x00000000200001f8        0x4 d:/set stm32/stm32cubeide_1.7.0/stm32cubeide/plugins/com.st.stm32cube.ide.mcu.externaltools.gnu-tools-for-stm32.9-2020-q2-update.win32_2.0.0.202105311346/tools/bin/../lib/gcc/arm-none-eabi/9.3.1/../../../../arm-none-eabi/lib/thumb/v7-m/nofp\libc_nano.a(lib_a-impure.o)
                0x00000000200001f8                _impure_ptr
 .data.impure_data
                0x00000000200001fc       0x60 d:/set stm32/stm32cubeide_1.7.0/stm32cubeide/plugins/com.st.stm32cube.ide.mcu.externaltools.gnu-tools-for-stm32.9-2020-q2-update.win32_2.0.0.202105311346/tools/bin/../lib/gcc/arm-none-eabi/9.3.1/../../../../arm-none-eabi/lib/thumb/v7-m/nofp\libc_nano.a(lib_a-impure.o)
 *(.RamFunc)
 *(.RamFunc*)
                0x000000002000025c                . = ALIGN (0x4)
                0x000000002000025c                _edata = .

.igot.plt       0x000000002000025c        0x0 load address 0x0000000008004de4
 .igot.plt      0x000000002000025c        0x0 d:/set stm32/stm32cubeide_1.7.0/stm32cubeide/plugins/com.st.stm32cube.ide.mcu.externaltools.gnu-tools-for-stm32.9-2020-q2-update.win32_2.0.0.202105311346/tools/bin/../lib/gcc/arm-none-eabi/9.3.1/thumb/v7-m/nofp/crtbegin.o
                0x000000002000025c                . = ALIGN (0x4)

.bss            0x000000002000025c      0x23c load address 0x0000000008004de4
                0x000000002000025c                _sbss = .
                0x000000002000025c                __bss_start__ = _sbss
 *(.bss)
 .bss           0x000000002000025c       0x1c d:/set stm32/stm32cubeide_1.7.0/stm32cubeide/plugins/com.st.stm32cube.ide.mcu.externaltools.gnu-tools-for-stm32.9-2020-q2-update.win32_2.0.0.202105311346/tools/bin/../lib/gcc/arm-none-eabi/9.3.1/thumb/v7-m/nofp/crtbegin.o
 *(.bss*)
 .bss.flag_short
                0x0000000020000278       0x50 ./Core/Src/button.o
                0x0000000020000278                flag_short
 .bss.flag_long
                0x00000000200002c8       0x50 ./Core/Src/button.o
                0x00000000200002c8                flag_long
 .bss.duty_cycle
                0x0000000020000318        0x1 ./Core/Src/buzzer.o
                0x0000000020000318                duty_cycle
 .bss.temp_start
                0x0000000020000319        0x1 ./Core/Src/main.o
                0x0000000020000319                temp_start
 *fill*         0x000000002000031a        0x2 
 .bss.timer1_counter
                0x000000002000031c        0x4 ./Core/Src/software_timer.o
                0x000000002000031c                timer1_counter
 .bss.timer1_flag
                0x0000000020000320        0x4 ./Core/Src/software_timer.o
                0x0000000020000320                timer1_flag
 .bss.timer2_counter
                0x0000000020000324        0x4 ./Core/Src/software_timer.o
                0x0000000020000324                timer2_counter
 .bss.timer2_flag
                0x0000000020000328        0x4 ./Core/Src/software_timer.o
                0x0000000020000328                timer2_flag
 .bss.timer3_counter
                0x000000002000032c        0x4 ./Core/Src/software_timer.o
                0x000000002000032c                timer3_counter
 .bss.timer3_flag
                0x0000000020000330        0x4 ./Core/Src/software_timer.o
                0x0000000020000330                timer3_flag
 .bss.__sbrk_heap_end
                0x0000000020000334        0x4 ./Core/Src/sysmem.o
 .bss.counter_normal
                0x0000000020000338        0x1 ./Core/Src/traffic_light.o
                0x0000000020000338                counter_normal
 .bss.num1      0x0000000020000339        0x1 ./Core/Src/traffic_light.o
                0x0000000020000339                num1
 .bss.num2      0x000000002000033a        0x1 ./Core/Src/traffic_light.o
                0x000000002000033a                num2
 .bss.count_buffer
                0x000000002000033b        0x1 ./Core/Src/traffic_light.o
                0x000000002000033b                count_buffer
 .bss.flag_tuning
                0x000000002000033c        0x1 ./Core/Src/traffic_light.o
                0x000000002000033c                flag_tuning
 .bss.flag_color
                0x000000002000033d        0x1 ./Core/Src/traffic_light.o
                0x000000002000033d                flag_color
 .bss.temp      0x000000002000033e        0x1 ./Core/Src/uart.o
                0x000000002000033e                temp
 *fill*         0x000000002000033f        0x1 
 .bss.__malloc_free_list
                0x0000000020000340        0x4 d:/set stm32/stm32cubeide_1.7.0/stm32cubeide/plugins/com.st.stm32cube.ide.mcu.externaltools.gnu-tools-for-stm32.9-2020-q2-update.win32_2.0.0.202105311346/tools/bin/../lib/gcc/arm-none-eabi/9.3.1/../../../../arm-none-eabi/lib/thumb/v7-m/nofp\libc_nano.a(lib_a-nano-mallocr.o)
                0x0000000020000340                __malloc_free_list
 .bss.__malloc_sbrk_start
                0x0000000020000344        0x4 d:/set stm32/stm32cubeide_1.7.0/stm32cubeide/plugins/com.st.stm32cube.ide.mcu.externaltools.gnu-tools-for-stm32.9-2020-q2-update.win32_2.0.0.202105311346/tools/bin/../lib/gcc/arm-none-eabi/9.3.1/../../../../arm-none-eabi/lib/thumb/v7-m/nofp\libc_nano.a(lib_a-nano-mallocr.o)
                0x0000000020000344                __malloc_sbrk_start
 *(COMMON)
 COMMON         0x0000000020000348       0x90 ./Core/Src/tim.o
                0x0000000020000348                htim3
                0x0000000020000390                htim2
 COMMON         0x00000000200003d8       0x64 ./Core/Src/uart.o
                0x00000000200003d8                msg
 COMMON         0x000000002000043c       0x48 ./Core/Src/usart.o
                0x000000002000043c                huart2
 COMMON         0x0000000020000484        0x4 ./Drivers/STM32F1xx_HAL_Driver/Src/stm32f1xx_hal.o
                0x0000000020000484                uwTick
 COMMON         0x0000000020000488        0x4 d:/set stm32/stm32cubeide_1.7.0/stm32cubeide/plugins/com.st.stm32cube.ide.mcu.externaltools.gnu-tools-for-stm32.9-2020-q2-update.win32_2.0.0.202105311346/tools/bin/../lib/gcc/arm-none-eabi/9.3.1/../../../../arm-none-eabi/lib/thumb/v7-m/nofp\libc_nano.a(lib_a-reent.o)
                0x0000000020000488                errno
 COMMON         0x000000002000048c        0x9 d:/set stm32/stm32cubeide_1.7.0/stm32cubeide/plugins/com.st.stm32cube.ide.mcu.externaltools.gnu-tools-for-stm32.9-2020-q2-update.win32_2.0.0.202105311346/tools/bin/../lib/gcc/arm-none-eabi/9.3.1/../../../../arm-none-eabi/lib/thumb/v7-m/nofp\libc_nano.a(lib_a-lock.o)
                0x000000002000048c                __lock___atexit_recursive_mutex
                0x000000002000048d                __lock___arc4random_mutex
                0x000000002000048e                __lock___env_recursive_mutex
                0x000000002000048f                __lock___sinit_recursive_mutex
                0x0000000020000490                __lock___malloc_recursive_mutex
                0x0000000020000491                __lock___at_quick_exit_mutex
                0x0000000020000492                __lock___dd_hash_mutex
                0x0000000020000493                __lock___tz_mutex
                0x0000000020000494                __lock___sfp_recursive_mutex
                0x0000000020000498                . = ALIGN (0x4)
 *fill*         0x0000000020000495        0x3 
                0x0000000020000498                _ebss = .
                0x0000000020000498                __bss_end__ = _ebss

._user_heap_stack
                0x0000000020000498      0x600 load address 0x0000000008004de4
                0x0000000020000498                . = ALIGN (0x8)
                [!provide]                        PROVIDE (end = .)
                0x0000000020000498                PROVIDE (_end = .)
                0x0000000020000698                . = (. + _Min_Heap_Size)
 *fill*         0x0000000020000498      0x200 
                0x0000000020000a98                . = (. + _Min_Stack_Size)
 *fill*         0x0000000020000698      0x400 
                0x0000000020000a98                . = ALIGN (0x8)

/DISCARD/
 libc.a(*)
 libm.a(*)
 libgcc.a(*)

.ARM.attributes
                0x0000000000000000       0x29
 *(.ARM.attributes)
 .ARM.attributes
                0x0000000000000000       0x1d d:/set stm32/stm32cubeide_1.7.0/stm32cubeide/plugins/com.st.stm32cube.ide.mcu.externaltools.gnu-tools-for-stm32.9-2020-q2-update.win32_2.0.0.202105311346/tools/bin/../lib/gcc/arm-none-eabi/9.3.1/thumb/v7-m/nofp/crti.o
 .ARM.attributes
                0x000000000000001d       0x2d d:/set stm32/stm32cubeide_1.7.0/stm32cubeide/plugins/com.st.stm32cube.ide.mcu.externaltools.gnu-tools-for-stm32.9-2020-q2-update.win32_2.0.0.202105311346/tools/bin/../lib/gcc/arm-none-eabi/9.3.1/thumb/v7-m/nofp/crtbegin.o
 .ARM.attributes
                0x000000000000004a       0x2d ./Core/Src/button.o
 .ARM.attributes
                0x0000000000000077       0x2d ./Core/Src/buzzer.o
 .ARM.attributes
                0x00000000000000a4       0x2d ./Core/Src/gpio.o
 .ARM.attributes
                0x00000000000000d1       0x2d ./Core/Src/main.o
 .ARM.attributes
                0x00000000000000fe       0x2d ./Core/Src/software_timer.o
 .ARM.attributes
                0x000000000000012b       0x2d ./Core/Src/stm32f1xx_hal_msp.o
 .ARM.attributes
                0x0000000000000158       0x2d ./Core/Src/stm32f1xx_it.o
 .ARM.attributes
                0x0000000000000185       0x2d ./Core/Src/sysmem.o
 .ARM.attributes
                0x00000000000001b2       0x2d ./Core/Src/system_stm32f1xx.o
 .ARM.attributes
                0x00000000000001df       0x2d ./Core/Src/tim.o
 .ARM.attributes
                0x000000000000020c       0x2d ./Core/Src/traffic_light.o
 .ARM.attributes
                0x0000000000000239       0x2d ./Core/Src/uart.o
 .ARM.attributes
                0x0000000000000266       0x2d ./Core/Src/usart.o
 .ARM.attributes
                0x0000000000000293       0x21 ./Core/Startup/startup_stm32f103rbtx.o
 .ARM.attributes
                0x00000000000002b4       0x2d ./Drivers/STM32F1xx_HAL_Driver/Src/stm32f1xx_hal.o
 .ARM.attributes
                0x00000000000002e1       0x2d ./Drivers/STM32F1xx_HAL_Driver/Src/stm32f1xx_hal_cortex.o
 .ARM.attributes
                0x000000000000030e       0x2d ./Drivers/STM32F1xx_HAL_Driver/Src/stm32f1xx_hal_dma.o
 .ARM.attributes
                0x000000000000033b       0x2d ./Drivers/STM32F1xx_HAL_Driver/Src/stm32f1xx_hal_gpio.o
 .ARM.attributes
                0x0000000000000368       0x2d ./Drivers/STM32F1xx_HAL_Driver/Src/stm32f1xx_hal_rcc.o
 .ARM.attributes
                0x0000000000000395       0x2d ./Drivers/STM32F1xx_HAL_Driver/Src/stm32f1xx_hal_tim.o
 .ARM.attributes
                0x00000000000003c2       0x2d ./Drivers/STM32F1xx_HAL_Driver/Src/stm32f1xx_hal_tim_ex.o
 .ARM.attributes
                0x00000000000003ef       0x2d ./Drivers/STM32F1xx_HAL_Driver/Src/stm32f1xx_hal_uart.o
 .ARM.attributes
                0x000000000000041c       0x2d d:/set stm32/stm32cubeide_1.7.0/stm32cubeide/plugins/com.st.stm32cube.ide.mcu.externaltools.gnu-tools-for-stm32.9-2020-q2-update.win32_2.0.0.202105311346/tools/bin/../lib/gcc/arm-none-eabi/9.3.1/../../../../arm-none-eabi/lib/thumb/v7-m/nofp\libc_nano.a(lib_a-errno.o)
 .ARM.attributes
                0x0000000000000449       0x2d d:/set stm32/stm32cubeide_1.7.0/stm32cubeide/plugins/com.st.stm32cube.ide.mcu.externaltools.gnu-tools-for-stm32.9-2020-q2-update.win32_2.0.0.202105311346/tools/bin/../lib/gcc/arm-none-eabi/9.3.1/../../../../arm-none-eabi/lib/thumb/v7-m/nofp\libc_nano.a(lib_a-impure.o)
 .ARM.attributes
                0x0000000000000476       0x2d d:/set stm32/stm32cubeide_1.7.0/stm32cubeide/plugins/com.st.stm32cube.ide.mcu.externaltools.gnu-tools-for-stm32.9-2020-q2-update.win32_2.0.0.202105311346/tools/bin/../lib/gcc/arm-none-eabi/9.3.1/../../../../arm-none-eabi/lib/thumb/v7-m/nofp\libc_nano.a(lib_a-init.o)
 .ARM.attributes
                0x00000000000004a3       0x2d d:/set stm32/stm32cubeide_1.7.0/stm32cubeide/plugins/com.st.stm32cube.ide.mcu.externaltools.gnu-tools-for-stm32.9-2020-q2-update.win32_2.0.0.202105311346/tools/bin/../lib/gcc/arm-none-eabi/9.3.1/../../../../arm-none-eabi/lib/thumb/v7-m/nofp\libc_nano.a(lib_a-memset.o)
 .ARM.attributes
                0x00000000000004d0       0x2d d:/set stm32/stm32cubeide_1.7.0/stm32cubeide/plugins/com.st.stm32cube.ide.mcu.externaltools.gnu-tools-for-stm32.9-2020-q2-update.win32_2.0.0.202105311346/tools/bin/../lib/gcc/arm-none-eabi/9.3.1/../../../../arm-none-eabi/lib/thumb/v7-m/nofp\libc_nano.a(lib_a-sprintf.o)
 .ARM.attributes
                0x00000000000004fd       0x17 d:/set stm32/stm32cubeide_1.7.0/stm32cubeide/plugins/com.st.stm32cube.ide.mcu.externaltools.gnu-tools-for-stm32.9-2020-q2-update.win32_2.0.0.202105311346/tools/bin/../lib/gcc/arm-none-eabi/9.3.1/../../../../arm-none-eabi/lib/thumb/v7-m/nofp\libc_nano.a(lib_a-strlen.o)
 .ARM.attributes
                0x0000000000000514       0x2d d:/set stm32/stm32cubeide_1.7.0/stm32cubeide/plugins/com.st.stm32cube.ide.mcu.externaltools.gnu-tools-for-stm32.9-2020-q2-update.win32_2.0.0.202105311346/tools/bin/../lib/gcc/arm-none-eabi/9.3.1/../../../../arm-none-eabi/lib/thumb/v7-m/nofp\libc_nano.a(lib_a-nano-svfprintf.o)
 .ARM.attributes
                0x0000000000000541       0x2d d:/set stm32/stm32cubeide_1.7.0/stm32cubeide/plugins/com.st.stm32cube.ide.mcu.externaltools.gnu-tools-for-stm32.9-2020-q2-update.win32_2.0.0.202105311346/tools/bin/../lib/gcc/arm-none-eabi/9.3.1/../../../../arm-none-eabi/lib/thumb/v7-m/nofp\libc_nano.a(lib_a-nano-vfprintf_i.o)
 .ARM.attributes
                0x000000000000056e       0x2d d:/set stm32/stm32cubeide_1.7.0/stm32cubeide/plugins/com.st.stm32cube.ide.mcu.externaltools.gnu-tools-for-stm32.9-2020-q2-update.win32_2.0.0.202105311346/tools/bin/../lib/gcc/arm-none-eabi/9.3.1/../../../../arm-none-eabi/lib/thumb/v7-m/nofp\libc_nano.a(lib_a-memchr-stub.o)
 .ARM.attributes
                0x000000000000059b       0x2d d:/set stm32/stm32cubeide_1.7.0/stm32cubeide/plugins/com.st.stm32cube.ide.mcu.externaltools.gnu-tools-for-stm32.9-2020-q2-update.win32_2.0.0.202105311346/tools/bin/../lib/gcc/arm-none-eabi/9.3.1/../../../../arm-none-eabi/lib/thumb/v7-m/nofp\libc_nano.a(lib_a-memcpy-stub.o)
 .ARM.attributes
                0x00000000000005c8       0x2d d:/set stm32/stm32cubeide_1.7.0/stm32cubeide/plugins/com.st.stm32cube.ide.mcu.externaltools.gnu-tools-for-stm32.9-2020-q2-update.win32_2.0.0.202105311346/tools/bin/../lib/gcc/arm-none-eabi/9.3.1/../../../../arm-none-eabi/lib/thumb/v7-m/nofp\libc_nano.a(lib_a-memmove.o)
 .ARM.attributes
                0x00000000000005f5       0x2d d:/set stm32/stm32cubeide_1.7.0/stm32cubeide/plugins/com.st.stm32cube.ide.mcu.externaltools.gnu-tools-for-stm32.9-2020-q2-update.win32_2.0.0.202105311346/tools/bin/../lib/gcc/arm-none-eabi/9.3.1/../../../../arm-none-eabi/lib/thumb/v7-m/nofp\libc_nano.a(lib_a-nano-freer.o)
 .ARM.attributes
                0x0000000000000622       0x2d d:/set stm32/stm32cubeide_1.7.0/stm32cubeide/plugins/com.st.stm32cube.ide.mcu.externaltools.gnu-tools-for-stm32.9-2020-q2-update.win32_2.0.0.202105311346/tools/bin/../lib/gcc/arm-none-eabi/9.3.1/../../../../arm-none-eabi/lib/thumb/v7-m/nofp\libc_nano.a(lib_a-nano-mallocr.o)
 .ARM.attributes
                0x000000000000064f       0x2d d:/set stm32/stm32cubeide_1.7.0/stm32cubeide/plugins/com.st.stm32cube.ide.mcu.externaltools.gnu-tools-for-stm32.9-2020-q2-update.win32_2.0.0.202105311346/tools/bin/../lib/gcc/arm-none-eabi/9.3.1/../../../../arm-none-eabi/lib/thumb/v7-m/nofp\libc_nano.a(lib_a-nano-reallocr.o)
 .ARM.attributes
                0x000000000000067c       0x2d d:/set stm32/stm32cubeide_1.7.0/stm32cubeide/plugins/com.st.stm32cube.ide.mcu.externaltools.gnu-tools-for-stm32.9-2020-q2-update.win32_2.0.0.202105311346/tools/bin/../lib/gcc/arm-none-eabi/9.3.1/../../../../arm-none-eabi/lib/thumb/v7-m/nofp\libc_nano.a(lib_a-sbrkr.o)
 .ARM.attributes
                0x00000000000006a9       0x2d d:/set stm32/stm32cubeide_1.7.0/stm32cubeide/plugins/com.st.stm32cube.ide.mcu.externaltools.gnu-tools-for-stm32.9-2020-q2-update.win32_2.0.0.202105311346/tools/bin/../lib/gcc/arm-none-eabi/9.3.1/../../../../arm-none-eabi/lib/thumb/v7-m/nofp\libc_nano.a(lib_a-mlock.o)
 .ARM.attributes
                0x00000000000006d6       0x2d d:/set stm32/stm32cubeide_1.7.0/stm32cubeide/plugins/com.st.stm32cube.ide.mcu.externaltools.gnu-tools-for-stm32.9-2020-q2-update.win32_2.0.0.202105311346/tools/bin/../lib/gcc/arm-none-eabi/9.3.1/../../../../arm-none-eabi/lib/thumb/v7-m/nofp\libc_nano.a(lib_a-nano-msizer.o)
 .ARM.attributes
                0x0000000000000703       0x2d d:/set stm32/stm32cubeide_1.7.0/stm32cubeide/plugins/com.st.stm32cube.ide.mcu.externaltools.gnu-tools-for-stm32.9-2020-q2-update.win32_2.0.0.202105311346/tools/bin/../lib/gcc/arm-none-eabi/9.3.1/../../../../arm-none-eabi/lib/thumb/v7-m/nofp\libc_nano.a(lib_a-reent.o)
 .ARM.attributes
                0x0000000000000730       0x2d d:/set stm32/stm32cubeide_1.7.0/stm32cubeide/plugins/com.st.stm32cube.ide.mcu.externaltools.gnu-tools-for-stm32.9-2020-q2-update.win32_2.0.0.202105311346/tools/bin/../lib/gcc/arm-none-eabi/9.3.1/../../../../arm-none-eabi/lib/thumb/v7-m/nofp\libc_nano.a(lib_a-lock.o)
 .ARM.attributes
                0x000000000000075d       0x1d d:/set stm32/stm32cubeide_1.7.0/stm32cubeide/plugins/com.st.stm32cube.ide.mcu.externaltools.gnu-tools-for-stm32.9-2020-q2-update.win32_2.0.0.202105311346/tools/bin/../lib/gcc/arm-none-eabi/9.3.1/thumb/v7-m/nofp/crtn.o
OUTPUT(Project_MCU.elf elf32-littlearm)
LOAD linker stubs
LOAD d:/set stm32/stm32cubeide_1.7.0/stm32cubeide/plugins/com.st.stm32cube.ide.mcu.externaltools.gnu-tools-for-stm32.9-2020-q2-update.win32_2.0.0.202105311346/tools/bin/../lib/gcc/arm-none-eabi/9.3.1/../../../../arm-none-eabi/lib/thumb/v7-m/nofp\libc.a
LOAD d:/set stm32/stm32cubeide_1.7.0/stm32cubeide/plugins/com.st.stm32cube.ide.mcu.externaltools.gnu-tools-for-stm32.9-2020-q2-update.win32_2.0.0.202105311346/tools/bin/../lib/gcc/arm-none-eabi/9.3.1/../../../../arm-none-eabi/lib/thumb/v7-m/nofp\libm.a
LOAD d:/set stm32/stm32cubeide_1.7.0/stm32cubeide/plugins/com.st.stm32cube.ide.mcu.externaltools.gnu-tools-for-stm32.9-2020-q2-update.win32_2.0.0.202105311346/tools/bin/../lib/gcc/arm-none-eabi/9.3.1/thumb/v7-m/nofp\libgcc.a

.debug_info     0x0000000000000000    0x1079a
 .debug_info    0x0000000000000000      0x38d ./Core/Src/button.o
 .debug_info    0x000000000000038d      0x75b ./Core/Src/buzzer.o
 .debug_info    0x0000000000000ae8      0x38f ./Core/Src/gpio.o
 .debug_info    0x0000000000000e77      0xcab ./Core/Src/main.o
 .debug_info    0x0000000000001b22      0x135 ./Core/Src/software_timer.o
 .debug_info    0x0000000000001c57      0x2fc ./Core/Src/stm32f1xx_hal_msp.o
 .debug_info    0x0000000000001f53      0xa4b ./Core/Src/stm32f1xx_it.o
 .debug_info    0x000000000000299e      0xa25 ./Core/Src/sysmem.o
 .debug_info    0x00000000000033c3      0x2be ./Core/Src/system_stm32f1xx.o
 .debug_info    0x0000000000003681      0xc50 ./Core/Src/tim.o
 .debug_info    0x00000000000042d1      0xc4a ./Core/Src/traffic_light.o
 .debug_info    0x0000000000004f1b     0x101f ./Core/Src/uart.o
 .debug_info    0x0000000000005f3a      0x9c1 ./Core/Src/usart.o
 .debug_info    0x00000000000068fb       0x22 ./Core/Startup/startup_stm32f103rbtx.o
 .debug_info    0x000000000000691d      0x76a ./Drivers/STM32F1xx_HAL_Driver/Src/stm32f1xx_hal.o
 .debug_info    0x0000000000007087      0xbdc ./Drivers/STM32F1xx_HAL_Driver/Src/stm32f1xx_hal_cortex.o
 .debug_info    0x0000000000007c63      0x823 ./Drivers/STM32F1xx_HAL_Driver/Src/stm32f1xx_hal_dma.o
 .debug_info    0x0000000000008486      0x701 ./Drivers/STM32F1xx_HAL_Driver/Src/stm32f1xx_hal_gpio.o
 .debug_info    0x0000000000008b87      0x893 ./Drivers/STM32F1xx_HAL_Driver/Src/stm32f1xx_hal_rcc.o
 .debug_info    0x000000000000941a     0x2c12 ./Drivers/STM32F1xx_HAL_Driver/Src/stm32f1xx_hal_tim.o
 .debug_info    0x000000000000c02c     0x157f ./Drivers/STM32F1xx_HAL_Driver/Src/stm32f1xx_hal_tim_ex.o
 .debug_info    0x000000000000d5ab     0x31ef ./Drivers/STM32F1xx_HAL_Driver/Src/stm32f1xx_hal_uart.o

.debug_abbrev   0x0000000000000000     0x2827
 .debug_abbrev  0x0000000000000000      0x16a ./Core/Src/button.o
 .debug_abbrev  0x000000000000016a      0x19a ./Core/Src/buzzer.o
 .debug_abbrev  0x0000000000000304      0x14e ./Core/Src/gpio.o
 .debug_abbrev  0x0000000000000452      0x25b ./Core/Src/main.o
 .debug_abbrev  0x00000000000006ad       0xb6 ./Core/Src/software_timer.o
 .debug_abbrev  0x0000000000000763      0x11d ./Core/Src/stm32f1xx_hal_msp.o
 .debug_abbrev  0x0000000000000880      0x176 ./Core/Src/stm32f1xx_it.o
 .debug_abbrev  0x00000000000009f6      0x1bf ./Core/Src/sysmem.o
 .debug_abbrev  0x0000000000000bb5      0x14e ./Core/Src/system_stm32f1xx.o
 .debug_abbrev  0x0000000000000d03      0x1d7 ./Core/Src/tim.o
 .debug_abbrev  0x0000000000000eda      0x224 ./Core/Src/traffic_light.o
 .debug_abbrev  0x00000000000010fe      0x221 ./Core/Src/uart.o
 .debug_abbrev  0x000000000000131f      0x1c4 ./Core/Src/usart.o
 .debug_abbrev  0x00000000000014e3       0x12 ./Core/Startup/startup_stm32f103rbtx.o
 .debug_abbrev  0x00000000000014f5      0x1ed ./Drivers/STM32F1xx_HAL_Driver/Src/stm32f1xx_hal.o
 .debug_abbrev  0x00000000000016e2      0x313 ./Drivers/STM32F1xx_HAL_Driver/Src/stm32f1xx_hal_cortex.o
 .debug_abbrev  0x00000000000019f5      0x228 ./Drivers/STM32F1xx_HAL_Driver/Src/stm32f1xx_hal_dma.o
 .debug_abbrev  0x0000000000001c1d      0x1e8 ./Drivers/STM32F1xx_HAL_Driver/Src/stm32f1xx_hal_gpio.o
 .debug_abbrev  0x0000000000001e05      0x273 ./Drivers/STM32F1xx_HAL_Driver/Src/stm32f1xx_hal_rcc.o
 .debug_abbrev  0x0000000000002078      0x25e ./Drivers/STM32F1xx_HAL_Driver/Src/stm32f1xx_hal_tim.o
 .debug_abbrev  0x00000000000022d6      0x266 ./Drivers/STM32F1xx_HAL_Driver/Src/stm32f1xx_hal_tim_ex.o
 .debug_abbrev  0x000000000000253c      0x2eb ./Drivers/STM32F1xx_HAL_Driver/Src/stm32f1xx_hal_uart.o

.debug_aranges  0x0000000000000000      0xde8
 .debug_aranges
                0x0000000000000000       0x50 ./Core/Src/button.o
 .debug_aranges
                0x0000000000000050       0x28 ./Core/Src/buzzer.o
 .debug_aranges
                0x0000000000000078       0x20 ./Core/Src/gpio.o
 .debug_aranges
                0x0000000000000098       0x40 ./Core/Src/main.o
 .debug_aranges
                0x00000000000000d8       0x38 ./Core/Src/software_timer.o
 .debug_aranges
                0x0000000000000110       0x20 ./Core/Src/stm32f1xx_hal_msp.o
 .debug_aranges
                0x0000000000000130       0x70 ./Core/Src/stm32f1xx_it.o
 .debug_aranges
                0x00000000000001a0       0x20 ./Core/Src/sysmem.o
 .debug_aranges
                0x00000000000001c0       0x28 ./Core/Src/system_stm32f1xx.o
 .debug_aranges
                0x00000000000001e8       0x40 ./Core/Src/tim.o
 .debug_aranges
                0x0000000000000228       0xa0 ./Core/Src/traffic_light.o
 .debug_aranges
                0x00000000000002c8       0x40 ./Core/Src/uart.o
 .debug_aranges
                0x0000000000000308       0x30 ./Core/Src/usart.o
 .debug_aranges
                0x0000000000000338       0x28 ./Core/Startup/startup_stm32f103rbtx.o
 .debug_aranges
                0x0000000000000360       0xe0 ./Drivers/STM32F1xx_HAL_Driver/Src/stm32f1xx_hal.o
 .debug_aranges
                0x0000000000000440      0x100 ./Drivers/STM32F1xx_HAL_Driver/Src/stm32f1xx_hal_cortex.o
 .debug_aranges
                0x0000000000000540       0x80 ./Drivers/STM32F1xx_HAL_Driver/Src/stm32f1xx_hal_dma.o
 .debug_aranges
                0x00000000000005c0       0x58 ./Drivers/STM32F1xx_HAL_Driver/Src/stm32f1xx_hal_gpio.o
 .debug_aranges
                0x0000000000000618       0x90 ./Drivers/STM32F1xx_HAL_Driver/Src/stm32f1xx_hal_rcc.o
 .debug_aranges
                0x00000000000006a8      0x3d0 ./Drivers/STM32F1xx_HAL_Driver/Src/stm32f1xx_hal_tim.o
 .debug_aranges
                0x0000000000000a78      0x168 ./Drivers/STM32F1xx_HAL_Driver/Src/stm32f1xx_hal_tim_ex.o
 .debug_aranges
                0x0000000000000be0      0x208 ./Drivers/STM32F1xx_HAL_Driver/Src/stm32f1xx_hal_uart.o

.debug_ranges   0x0000000000000000      0xcd8
 .debug_ranges  0x0000000000000000       0x40 ./Core/Src/button.o
 .debug_ranges  0x0000000000000040       0x18 ./Core/Src/buzzer.o
 .debug_ranges  0x0000000000000058       0x10 ./Core/Src/gpio.o
 .debug_ranges  0x0000000000000068       0x30 ./Core/Src/main.o
 .debug_ranges  0x0000000000000098       0x28 ./Core/Src/software_timer.o
 .debug_ranges  0x00000000000000c0       0x10 ./Core/Src/stm32f1xx_hal_msp.o
 .debug_ranges  0x00000000000000d0       0x60 ./Core/Src/stm32f1xx_it.o
 .debug_ranges  0x0000000000000130       0x10 ./Core/Src/sysmem.o
 .debug_ranges  0x0000000000000140       0x18 ./Core/Src/system_stm32f1xx.o
 .debug_ranges  0x0000000000000158       0x30 ./Core/Src/tim.o
 .debug_ranges  0x0000000000000188       0xa8 ./Core/Src/traffic_light.o
 .debug_ranges  0x0000000000000230       0x30 ./Core/Src/uart.o
 .debug_ranges  0x0000000000000260       0x20 ./Core/Src/usart.o
 .debug_ranges  0x0000000000000280       0x20 ./Core/Startup/startup_stm32f103rbtx.o
 .debug_ranges  0x00000000000002a0       0xd0 ./Drivers/STM32F1xx_HAL_Driver/Src/stm32f1xx_hal.o
 .debug_ranges  0x0000000000000370       0xf0 ./Drivers/STM32F1xx_HAL_Driver/Src/stm32f1xx_hal_cortex.o
 .debug_ranges  0x0000000000000460       0x70 ./Drivers/STM32F1xx_HAL_Driver/Src/stm32f1xx_hal_dma.o
 .debug_ranges  0x00000000000004d0       0x48 ./Drivers/STM32F1xx_HAL_Driver/Src/stm32f1xx_hal_gpio.o
 .debug_ranges  0x0000000000000518       0x80 ./Drivers/STM32F1xx_HAL_Driver/Src/stm32f1xx_hal_rcc.o
 .debug_ranges  0x0000000000000598      0x3c0 ./Drivers/STM32F1xx_HAL_Driver/Src/stm32f1xx_hal_tim.o
 .debug_ranges  0x0000000000000958      0x158 ./Drivers/STM32F1xx_HAL_Driver/Src/stm32f1xx_hal_tim_ex.o
 .debug_ranges  0x0000000000000ab0      0x228 ./Drivers/STM32F1xx_HAL_Driver/Src/stm32f1xx_hal_uart.o

.debug_macro    0x0000000000000000    0x1826b
 .debug_macro   0x0000000000000000      0x1c1 ./Core/Src/button.o
 .debug_macro   0x00000000000001c1      0xa9c ./Core/Src/button.o
 .debug_macro   0x0000000000000c5d      0x21b ./Core/Src/button.o
 .debug_macro   0x0000000000000e78       0x2e ./Core/Src/button.o
 .debug_macro   0x0000000000000ea6       0x22 ./Core/Src/button.o
 .debug_macro   0x0000000000000ec8       0x22 ./Core/Src/button.o
 .debug_macro   0x0000000000000eea       0x8e ./Core/Src/button.o
 .debug_macro   0x0000000000000f78       0x51 ./Core/Src/button.o
 .debug_macro   0x0000000000000fc9      0x103 ./Core/Src/button.o
 .debug_macro   0x00000000000010cc       0x6a ./Core/Src/button.o
 .debug_macro   0x0000000000001136      0x1df ./Core/Src/button.o
 .debug_macro   0x0000000000001315       0x1c ./Core/Src/button.o
 .debug_macro   0x0000000000001331       0x22 ./Core/Src/button.o
 .debug_macro   0x0000000000001353       0xc3 ./Core/Src/button.o
 .debug_macro   0x0000000000001416      0xd23 ./Core/Src/button.o
 .debug_macro   0x0000000000002139     0xe09e ./Core/Src/button.o
 .debug_macro   0x00000000000101d7       0x6d ./Core/Src/button.o
 .debug_macro   0x0000000000010244     0x348d ./Core/Src/button.o
 .debug_macro   0x00000000000136d1      0x174 ./Core/Src/button.o
 .debug_macro   0x0000000000013845       0x5c ./Core/Src/button.o
 .debug_macro   0x00000000000138a1      0x5bc ./Core/Src/button.o
 .debug_macro   0x0000000000013e5d      0x289 ./Core/Src/button.o
 .debug_macro   0x00000000000140e6      0x1cb ./Core/Src/button.o
 .debug_macro   0x00000000000142b1      0x114 ./Core/Src/button.o
 .debug_macro   0x00000000000143c5      0x1b2 ./Core/Src/button.o
 .debug_macro   0x0000000000014577       0x27 ./Core/Src/button.o
 .debug_macro   0x000000000001459e      0x136 ./Core/Src/button.o
 .debug_macro   0x00000000000146d4      0x1bc ./Core/Src/button.o
 .debug_macro   0x0000000000014890       0x34 ./Core/Src/button.o
 .debug_macro   0x00000000000148c4       0x3c ./Core/Src/button.o
 .debug_macro   0x0000000000014900       0x57 ./Core/Src/button.o
 .debug_macro   0x0000000000014957       0x87 ./Core/Src/button.o
 .debug_macro   0x00000000000149de      0x240 ./Core/Src/button.o
 .debug_macro   0x0000000000014c1e      0x140 ./Core/Src/button.o
 .debug_macro   0x0000000000014d5e      0x8ed ./Core/Src/button.o
 .debug_macro   0x000000000001564b      0x28e ./Core/Src/button.o
 .debug_macro   0x00000000000158d9       0x83 ./Core/Src/button.o
 .debug_macro   0x000000000001595c       0xa0 ./Core/Src/button.o
 .debug_macro   0x00000000000159fc       0x10 ./Core/Src/button.o
 .debug_macro   0x0000000000015a0c      0x1c6 ./Core/Src/buzzer.o
 .debug_macro   0x0000000000015bd2      0x1bc ./Core/Src/gpio.o
 .debug_macro   0x0000000000015d8e      0x1f0 ./Core/Src/main.o
 .debug_macro   0x0000000000015f7e       0x1b ./Core/Src/software_timer.o
 .debug_macro   0x0000000000015f99      0x1b2 ./Core/Src/stm32f1xx_hal_msp.o
 .debug_macro   0x000000000001614b      0x1bc ./Core/Src/stm32f1xx_it.o
 .debug_macro   0x0000000000016307       0xff ./Core/Src/sysmem.o
 .debug_macro   0x0000000000016406      0x23b ./Core/Src/sysmem.o
 .debug_macro   0x0000000000016641      0x1a3 ./Core/Src/system_stm32f1xx.o
 .debug_macro   0x00000000000167e4      0x1bc ./Core/Src/tim.o
 .debug_macro   0x00000000000169a0      0x224 ./Core/Src/traffic_light.o
 .debug_macro   0x0000000000016bc4      0x35f ./Core/Src/uart.o
 .debug_macro   0x0000000000016f23       0x52 ./Core/Src/uart.o
 .debug_macro   0x0000000000016f75       0x16 ./Core/Src/uart.o
 .debug_macro   0x0000000000016f8b      0x333 ./Core/Src/uart.o
 .debug_macro   0x00000000000172be       0x16 ./Core/Src/uart.o
 .debug_macro   0x00000000000172d4       0x20 ./Core/Src/uart.o
 .debug_macro   0x00000000000172f4      0x1bc ./Core/Src/usart.o
 .debug_macro   0x00000000000174b0      0x1c7 ./Drivers/STM32F1xx_HAL_Driver/Src/stm32f1xx_hal.o
 .debug_macro   0x0000000000017677      0x1a3 ./Drivers/STM32F1xx_HAL_Driver/Src/stm32f1xx_hal_cortex.o
 .debug_macro   0x000000000001781a      0x1a3 ./Drivers/STM32F1xx_HAL_Driver/Src/stm32f1xx_hal_dma.o
 .debug_macro   0x00000000000179bd      0x20e ./Drivers/STM32F1xx_HAL_Driver/Src/stm32f1xx_hal_gpio.o
 .debug_macro   0x0000000000017bcb      0x1b5 ./Drivers/STM32F1xx_HAL_Driver/Src/stm32f1xx_hal_rcc.o
 .debug_macro   0x0000000000017d80      0x1a4 ./Drivers/STM32F1xx_HAL_Driver/Src/stm32f1xx_hal_tim.o
 .debug_macro   0x0000000000017f24      0x1a3 ./Drivers/STM32F1xx_HAL_Driver/Src/stm32f1xx_hal_tim_ex.o
 .debug_macro   0x00000000000180c7      0x1a4 ./Drivers/STM32F1xx_HAL_Driver/Src/stm32f1xx_hal_uart.o

.debug_line     0x0000000000000000    0x109bd
 .debug_line    0x0000000000000000      0x7fe ./Core/Src/button.o
 .debug_line    0x00000000000007fe      0x6bb ./Core/Src/buzzer.o
 .debug_line    0x0000000000000eb9      0x6d7 ./Core/Src/gpio.o
 .debug_line    0x0000000000001590      0x798 ./Core/Src/main.o
 .debug_line    0x0000000000001d28       0xf5 ./Core/Src/software_timer.o
 .debug_line    0x0000000000001e1d      0x69a ./Core/Src/stm32f1xx_hal_msp.o
 .debug_line    0x00000000000024b7      0x78b ./Core/Src/stm32f1xx_it.o
 .debug_line    0x0000000000002c42      0x51b ./Core/Src/sysmem.o
 .debug_line    0x000000000000315d      0x717 ./Core/Src/system_stm32f1xx.o
 .debug_line    0x0000000000003874      0x7c4 ./Core/Src/tim.o
 .debug_line    0x0000000000004038      0xaa9 ./Core/Src/traffic_light.o
 .debug_line    0x0000000000004ae1      0x93f ./Core/Src/uart.o
 .debug_line    0x0000000000005420      0x70b ./Core/Src/usart.o
 .debug_line    0x0000000000005b2b       0x86 ./Core/Startup/startup_stm32f103rbtx.o
 .debug_line    0x0000000000005bb1      0x944 ./Drivers/STM32F1xx_HAL_Driver/Src/stm32f1xx_hal.o
 .debug_line    0x00000000000064f5      0xb2c ./Drivers/STM32F1xx_HAL_Driver/Src/stm32f1xx_hal_cortex.o
 .debug_line    0x0000000000007021      0xd9d ./Drivers/STM32F1xx_HAL_Driver/Src/stm32f1xx_hal_dma.o
 .debug_line    0x0000000000007dbe      0x9dd ./Drivers/STM32F1xx_HAL_Driver/Src/stm32f1xx_hal_gpio.o
 .debug_line    0x000000000000879b      0xd50 ./Drivers/STM32F1xx_HAL_Driver/Src/stm32f1xx_hal_rcc.o
 .debug_line    0x00000000000094eb     0x33c3 ./Drivers/STM32F1xx_HAL_Driver/Src/stm32f1xx_hal_tim.o
 .debug_line    0x000000000000c8ae     0x189a ./Drivers/STM32F1xx_HAL_Driver/Src/stm32f1xx_hal_tim_ex.o
 .debug_line    0x000000000000e148     0x2875 ./Drivers/STM32F1xx_HAL_Driver/Src/stm32f1xx_hal_uart.o

.debug_str      0x0000000000000000    0x8b3ed
 .debug_str     0x0000000000000000    0x835d0 ./Core/Src/button.o
                                      0x8393a (size before relaxing)
 .debug_str     0x00000000000835d0      0x474 ./Core/Src/buzzer.o
                                      0x83d15 (size before relaxing)
 .debug_str     0x0000000000083a44       0x9e ./Core/Src/gpio.o
                                      0x838dc (size before relaxing)
 .debug_str     0x0000000000083ae2      0x404 ./Core/Src/main.o
                                      0x84140 (size before relaxing)
 .debug_str     0x0000000000083ee6       0x7a ./Core/Src/software_timer.o
                                       0x2df8 (size before relaxing)
 .debug_str     0x0000000000083f60       0x5a ./Core/Src/stm32f1xx_hal_msp.o
                                      0x83892 (size before relaxing)
 .debug_str     0x0000000000083fba       0xdf ./Core/Src/stm32f1xx_it.o
                                      0x83fa3 (size before relaxing)
 .debug_str     0x0000000000084099     0x221e ./Core/Src/sysmem.o
                                       0x6242 (size before relaxing)
 .debug_str     0x00000000000862b7       0x52 ./Core/Src/system_stm32f1xx.o
                                      0x8369a (size before relaxing)
 .debug_str     0x0000000000086309      0x3eb ./Core/Src/tim.o
                                      0x841e8 (size before relaxing)
 .debug_str     0x00000000000866f4      0x283 ./Core/Src/traffic_light.o
                                      0x8403d (size before relaxing)
 .debug_str     0x0000000000086977     0x23eb ./Core/Src/uart.o
                                      0x87de4 (size before relaxing)
 .debug_str     0x0000000000088d62       0x57 ./Core/Src/usart.o
                                      0x83fc9 (size before relaxing)
 .debug_str     0x0000000000088db9       0x36 ./Core/Startup/startup_stm32f103rbtx.o
                                         0x56 (size before relaxing)
 .debug_str     0x0000000000088def      0x304 ./Drivers/STM32F1xx_HAL_Driver/Src/stm32f1xx_hal.o
                                      0x83d2b (size before relaxing)
 .debug_str     0x00000000000890f3      0x300 ./Drivers/STM32F1xx_HAL_Driver/Src/stm32f1xx_hal_cortex.o
                                      0x83d33 (size before relaxing)
 .debug_str     0x00000000000893f3      0x230 ./Drivers/STM32F1xx_HAL_Driver/Src/stm32f1xx_hal_dma.o
                                      0x83a75 (size before relaxing)
 .debug_str     0x0000000000089623      0x31f ./Drivers/STM32F1xx_HAL_Driver/Src/stm32f1xx_hal_gpio.o
                                      0x83a5e (size before relaxing)
 .debug_str     0x0000000000089942      0x24f ./Drivers/STM32F1xx_HAL_Driver/Src/stm32f1xx_hal_rcc.o
                                      0x83a97 (size before relaxing)
 .debug_str     0x0000000000089b91      0xd68 ./Drivers/STM32F1xx_HAL_Driver/Src/stm32f1xx_hal_tim.o
                                      0x84a70 (size before relaxing)
 .debug_str     0x000000000008a8f9      0x4ee ./Drivers/STM32F1xx_HAL_Driver/Src/stm32f1xx_hal_tim_ex.o
                                      0x84221 (size before relaxing)
 .debug_str     0x000000000008ade7      0x606 ./Drivers/STM32F1xx_HAL_Driver/Src/stm32f1xx_hal_uart.o
                                      0x840ef (size before relaxing)

.comment        0x0000000000000000       0x53
 .comment       0x0000000000000000       0x53 ./Core/Src/button.o
                                         0x54 (size before relaxing)
 .comment       0x0000000000000053       0x54 ./Core/Src/buzzer.o
 .comment       0x0000000000000053       0x54 ./Core/Src/gpio.o
 .comment       0x0000000000000053       0x54 ./Core/Src/main.o
 .comment       0x0000000000000053       0x54 ./Core/Src/software_timer.o
 .comment       0x0000000000000053       0x54 ./Core/Src/stm32f1xx_hal_msp.o
 .comment       0x0000000000000053       0x54 ./Core/Src/stm32f1xx_it.o
 .comment       0x0000000000000053       0x54 ./Core/Src/sysmem.o
 .comment       0x0000000000000053       0x54 ./Core/Src/system_stm32f1xx.o
 .comment       0x0000000000000053       0x54 ./Core/Src/tim.o
 .comment       0x0000000000000053       0x54 ./Core/Src/traffic_light.o
 .comment       0x0000000000000053       0x54 ./Core/Src/uart.o
 .comment       0x0000000000000053       0x54 ./Core/Src/usart.o
 .comment       0x0000000000000053       0x54 ./Drivers/STM32F1xx_HAL_Driver/Src/stm32f1xx_hal.o
 .comment       0x0000000000000053       0x54 ./Drivers/STM32F1xx_HAL_Driver/Src/stm32f1xx_hal_cortex.o
 .comment       0x0000000000000053       0x54 ./Drivers/STM32F1xx_HAL_Driver/Src/stm32f1xx_hal_dma.o
 .comment       0x0000000000000053       0x54 ./Drivers/STM32F1xx_HAL_Driver/Src/stm32f1xx_hal_gpio.o
 .comment       0x0000000000000053       0x54 ./Drivers/STM32F1xx_HAL_Driver/Src/stm32f1xx_hal_rcc.o
 .comment       0x0000000000000053       0x54 ./Drivers/STM32F1xx_HAL_Driver/Src/stm32f1xx_hal_tim.o
 .comment       0x0000000000000053       0x54 ./Drivers/STM32F1xx_HAL_Driver/Src/stm32f1xx_hal_tim_ex.o
 .comment       0x0000000000000053       0x54 ./Drivers/STM32F1xx_HAL_Driver/Src/stm32f1xx_hal_uart.o

.debug_frame    0x0000000000000000     0x3b1c
 .debug_frame   0x0000000000000000       0xf0 ./Core/Src/button.o
 .debug_frame   0x00000000000000f0       0x54 ./Core/Src/buzzer.o
 .debug_frame   0x0000000000000144       0x34 ./Core/Src/gpio.o
 .debug_frame   0x0000000000000178       0xa8 ./Core/Src/main.o
 .debug_frame   0x0000000000000220       0xa8 ./Core/Src/software_timer.o
 .debug_frame   0x00000000000002c8       0x38 ./Core/Src/stm32f1xx_hal_msp.o
 .debug_frame   0x0000000000000300      0x13c ./Core/Src/stm32f1xx_it.o
 .debug_frame   0x000000000000043c       0x34 ./Core/Src/sysmem.o
 .debug_frame   0x0000000000000470       0x58 ./Core/Src/system_stm32f1xx.o
 .debug_frame   0x00000000000004c8       0xc4 ./Core/Src/tim.o
 .debug_frame   0x000000000000058c      0x1ec ./Core/Src/traffic_light.o
 .debug_frame   0x0000000000000778       0xc4 ./Core/Src/uart.o
 .debug_frame   0x000000000000083c       0x74 ./Core/Src/usart.o
 .debug_frame   0x00000000000008b0      0x334 ./Drivers/STM32F1xx_HAL_Driver/Src/stm32f1xx_hal.o
 .debug_frame   0x0000000000000be4      0x428 ./Drivers/STM32F1xx_HAL_Driver/Src/stm32f1xx_hal_cortex.o
 .debug_frame   0x000000000000100c      0x208 ./Drivers/STM32F1xx_HAL_Driver/Src/stm32f1xx_hal_dma.o
 .debug_frame   0x0000000000001214      0x14c ./Drivers/STM32F1xx_HAL_Driver/Src/stm32f1xx_hal_gpio.o
 .debug_frame   0x0000000000001360      0x218 ./Drivers/STM32F1xx_HAL_Driver/Src/stm32f1xx_hal_rcc.o
 .debug_frame   0x0000000000001578     0x11bc ./Drivers/STM32F1xx_HAL_Driver/Src/stm32f1xx_hal_tim.o
 .debug_frame   0x0000000000002734      0x638 ./Drivers/STM32F1xx_HAL_Driver/Src/stm32f1xx_hal_tim_ex.o
 .debug_frame   0x0000000000002d6c      0x944 ./Drivers/STM32F1xx_HAL_Driver/Src/stm32f1xx_hal_uart.o
 .debug_frame   0x00000000000036b0       0x20 d:/set stm32/stm32cubeide_1.7.0/stm32cubeide/plugins/com.st.stm32cube.ide.mcu.externaltools.gnu-tools-for-stm32.9-2020-q2-update.win32_2.0.0.202105311346/tools/bin/../lib/gcc/arm-none-eabi/9.3.1/../../../../arm-none-eabi/lib/thumb/v7-m/nofp\libc_nano.a(lib_a-errno.o)
 .debug_frame   0x00000000000036d0       0x2c d:/set stm32/stm32cubeide_1.7.0/stm32cubeide/plugins/com.st.stm32cube.ide.mcu.externaltools.gnu-tools-for-stm32.9-2020-q2-update.win32_2.0.0.202105311346/tools/bin/../lib/gcc/arm-none-eabi/9.3.1/../../../../arm-none-eabi/lib/thumb/v7-m/nofp\libc_nano.a(lib_a-init.o)
 .debug_frame   0x00000000000036fc       0x20 d:/set stm32/stm32cubeide_1.7.0/stm32cubeide/plugins/com.st.stm32cube.ide.mcu.externaltools.gnu-tools-for-stm32.9-2020-q2-update.win32_2.0.0.202105311346/tools/bin/../lib/gcc/arm-none-eabi/9.3.1/../../../../arm-none-eabi/lib/thumb/v7-m/nofp\libc_nano.a(lib_a-memset.o)
 .debug_frame   0x000000000000371c       0x6c d:/set stm32/stm32cubeide_1.7.0/stm32cubeide/plugins/com.st.stm32cube.ide.mcu.externaltools.gnu-tools-for-stm32.9-2020-q2-update.win32_2.0.0.202105311346/tools/bin/../lib/gcc/arm-none-eabi/9.3.1/../../../../arm-none-eabi/lib/thumb/v7-m/nofp\libc_nano.a(lib_a-sprintf.o)
 .debug_frame   0x0000000000003788       0x90 d:/set stm32/stm32cubeide_1.7.0/stm32cubeide/plugins/com.st.stm32cube.ide.mcu.externaltools.gnu-tools-for-stm32.9-2020-q2-update.win32_2.0.0.202105311346/tools/bin/../lib/gcc/arm-none-eabi/9.3.1/../../../../arm-none-eabi/lib/thumb/v7-m/nofp\libc_nano.a(lib_a-nano-svfprintf.o)
 .debug_frame   0x0000000000003818       0x60 d:/set stm32/stm32cubeide_1.7.0/stm32cubeide/plugins/com.st.stm32cube.ide.mcu.externaltools.gnu-tools-for-stm32.9-2020-q2-update.win32_2.0.0.202105311346/tools/bin/../lib/gcc/arm-none-eabi/9.3.1/../../../../arm-none-eabi/lib/thumb/v7-m/nofp\libc_nano.a(lib_a-nano-vfprintf_i.o)
 .debug_frame   0x0000000000003878       0x28 d:/set stm32/stm32cubeide_1.7.0/stm32cubeide/plugins/com.st.stm32cube.ide.mcu.externaltools.gnu-tools-for-stm32.9-2020-q2-update.win32_2.0.0.202105311346/tools/bin/../lib/gcc/arm-none-eabi/9.3.1/../../../../arm-none-eabi/lib/thumb/v7-m/nofp\libc_nano.a(lib_a-memchr-stub.o)
 .debug_frame   0x00000000000038a0       0x28 d:/set stm32/stm32cubeide_1.7.0/stm32cubeide/plugins/com.st.stm32cube.ide.mcu.externaltools.gnu-tools-for-stm32.9-2020-q2-update.win32_2.0.0.202105311346/tools/bin/../lib/gcc/arm-none-eabi/9.3.1/../../../../arm-none-eabi/lib/thumb/v7-m/nofp\libc_nano.a(lib_a-memcpy-stub.o)
 .debug_frame   0x00000000000038c8       0x28 d:/set stm32/stm32cubeide_1.7.0/stm32cubeide/plugins/com.st.stm32cube.ide.mcu.externaltools.gnu-tools-for-stm32.9-2020-q2-update.win32_2.0.0.202105311346/tools/bin/../lib/gcc/arm-none-eabi/9.3.1/../../../../arm-none-eabi/lib/thumb/v7-m/nofp\libc_nano.a(lib_a-memmove.o)
 .debug_frame   0x00000000000038f0       0x38 d:/set stm32/stm32cubeide_1.7.0/stm32cubeide/plugins/com.st.stm32cube.ide.mcu.externaltools.gnu-tools-for-stm32.9-2020-q2-update.win32_2.0.0.202105311346/tools/bin/../lib/gcc/arm-none-eabi/9.3.1/../../../../arm-none-eabi/lib/thumb/v7-m/nofp\libc_nano.a(lib_a-nano-freer.o)
 .debug_frame   0x0000000000003928       0x30 d:/set stm32/stm32cubeide_1.7.0/stm32cubeide/plugins/com.st.stm32cube.ide.mcu.externaltools.gnu-tools-for-stm32.9-2020-q2-update.win32_2.0.0.202105311346/tools/bin/../lib/gcc/arm-none-eabi/9.3.1/../../../../arm-none-eabi/lib/thumb/v7-m/nofp\libc_nano.a(lib_a-nano-mallocr.o)
 .debug_frame   0x0000000000003958       0x3c d:/set stm32/stm32cubeide_1.7.0/stm32cubeide/plugins/com.st.stm32cube.ide.mcu.externaltools.gnu-tools-for-stm32.9-2020-q2-update.win32_2.0.0.202105311346/tools/bin/../lib/gcc/arm-none-eabi/9.3.1/../../../../arm-none-eabi/lib/thumb/v7-m/nofp\libc_nano.a(lib_a-nano-reallocr.o)
 .debug_frame   0x0000000000003994       0x2c d:/set stm32/stm32cubeide_1.7.0/stm32cubeide/plugins/com.st.stm32cube.ide.mcu.externaltools.gnu-tools-for-stm32.9-2020-q2-update.win32_2.0.0.202105311346/tools/bin/../lib/gcc/arm-none-eabi/9.3.1/../../../../arm-none-eabi/lib/thumb/v7-m/nofp\libc_nano.a(lib_a-sbrkr.o)
 .debug_frame   0x00000000000039c0       0x30 d:/set stm32/stm32cubeide_1.7.0/stm32cubeide/plugins/com.st.stm32cube.ide.mcu.externaltools.gnu-tools-for-stm32.9-2020-q2-update.win32_2.0.0.202105311346/tools/bin/../lib/gcc/arm-none-eabi/9.3.1/../../../../arm-none-eabi/lib/thumb/v7-m/nofp\libc_nano.a(lib_a-mlock.o)
 .debug_frame   0x00000000000039f0       0x20 d:/set stm32/stm32cubeide_1.7.0/stm32cubeide/plugins/com.st.stm32cube.ide.mcu.externaltools.gnu-tools-for-stm32.9-2020-q2-update.win32_2.0.0.202105311346/tools/bin/../lib/gcc/arm-none-eabi/9.3.1/../../../../arm-none-eabi/lib/thumb/v7-m/nofp\libc_nano.a(lib_a-nano-msizer.o)
 .debug_frame   0x0000000000003a10       0x5c d:/set stm32/stm32cubeide_1.7.0/stm32cubeide/plugins/com.st.stm32cube.ide.mcu.externaltools.gnu-tools-for-stm32.9-2020-q2-update.win32_2.0.0.202105311346/tools/bin/../lib/gcc/arm-none-eabi/9.3.1/../../../../arm-none-eabi/lib/thumb/v7-m/nofp\libc_nano.a(lib_a-reent.o)
 .debug_frame   0x0000000000003a6c       0xb0 d:/set stm32/stm32cubeide_1.7.0/stm32cubeide/plugins/com.st.stm32cube.ide.mcu.externaltools.gnu-tools-for-stm32.9-2020-q2-update.win32_2.0.0.202105311346/tools/bin/../lib/gcc/arm-none-eabi/9.3.1/../../../../arm-none-eabi/lib/thumb/v7-m/nofp\libc_nano.a(lib_a-lock.o)