traffic_light.c:45:6:Phase1_GreenOn	8	static
traffic_light.c:50:6:Phase1_RedOn	8	static
traffic_light.c:55:6:Phase1_YellowOn	8	static
traffic_light.c:61:6:Phase2_GreenOn	8	static
traffic_light.c:66:6:Phase2_RedOn	8	static
traffic_light.c:71:6:Phase2_YellowOn	8	static
traffic_light.c:77:6:Pedes_GreenOn	8	static
traffic_light.c:82:6:Pedes_RedOn	8	static
traffic_light.c:87:6:Pedes_YellowOn	8	static
traffic_light.c:93:6:Pedes_Off	8	static
traffic_light.c:98:6:Blink_Green	8	static
traffic_light.c:106:6:Blink_Red	8	static
traffic_light.c:114:6:Blink_Yellow	8	static
traffic_light.c:124:6:normal_trafic	8	static
traffic_light.c:216:6:manual_trafic	8	static
traffic_light.c:296:6:tuning_traffic	8	static
traffic_light.c:331:6:traffic_light	8	static
