traffic_light.c:44:6:Phase1_GreenOn	8	static
traffic_light.c:49:6:Phase1_RedOn	8	static
traffic_light.c:54:6:Phase1_YellowOn	8	static
traffic_light.c:60:6:Phase2_GreenOn	8	static
traffic_light.c:65:6:Phase2_RedOn	8	static
traffic_light.c:70:6:Phase2_YellowOn	8	static
traffic_light.c:76:6:Pedes_GreenOn	8	static
traffic_light.c:81:6:Pedes_RedOn	8	static
traffic_light.c:86:6:Pedes_YellowOn	8	static
traffic_light.c:92:6:Pedes_Off	8	static
traffic_light.c:97:6:Blink_Green	8	static
traffic_light.c:105:6:Blink_Red	8	static
traffic_light.c:113:6:Blink_Yellow	8	static
traffic_light.c:123:6:normal_trafic	8	static
traffic_light.c:215:6:manual_trafic	8	static
traffic_light.c:296:6:tuning_traffic	8	static
traffic_light.c:334:6:traffic_light	8	static
